<html>
<body>
<pre>
<h1>µVision Build Log</h1>
<h2>Tool Versions:</h2>
IDE-Version: ¦ÌVision V5.38.0.0
Copyright (C) 2022 ARM Ltd and ARM Germany GmbH. All rights reserved.
License Information: 1 1, 1, LIC=MPPLD-8G7AF-NNDAF-6Q019-TG59J-ET76D
 
Tool Versions:
Toolchain:       MDK-ARM Plus  Version: 5.38.0.0
Toolchain Path:  E:\keil5software\software\ARM\ARMCC\Bin
C Compiler:      Armcc.exe V5.06 update 7 (build 960)
Assembler:       Armasm.exe V5.06 update 7 (build 960)
Linker/Locator:  ArmLink.exe V5.06 update 7 (build 960)
Library Manager: ArmAr.exe V5.06 update 7 (build 960)
Hex Converter:   FromElf.exe V5.06 update 7 (build 960)
CPU DLL:         SARMCM3.DLL V5.38.0.0
Dialog DLL:      DCM.DLL V1.17.5.0
Target DLL:      CMSIS_AGDI.dll V1.33.15.0
Dialog DLL:      TCM.DLL V1.56.4.0
 
<h2>Project:</h2>
C:\µçÄÔ×ÀÃæ\competition\model1\Template code1\Template code1\User\empty.uvprojx
Project File Date:  08/01/2023

<h2>Output:</h2>
*** Using Compiler 'V5.06 update 7 (build 960)', folder: 'E:\keil5software\software\ARM\ARMCC\Bin'
Rebuild target 'empty'
assembling startup_msp432p401r_uvision.s...
compiling key.c...
compiling system_msp432p401r.c...
compiling exti.c...
compiling led.c...
compiling timer.c...
compiling main.c...
compiling mpu6050.c...
compiling beep.c...
compiling sensor.c...
compiling myiic.c...
compiling control.c...
compiling oled.c...
compiling inv_mpu.c...
compiling inv_mpu_dmp_motion_driver.c...
compiling HC-SR0.c...
compiling JY901.c...
compiling BlueTooth.c...
compiling delay.c...
compiling business_process.c...
compiling clock.c...
compiling baudrate_calculate.c...
compiling usart.c...
compiling PID.c...
linking...
Program Size: Code=10880 RO-data=596 RW-data=208 ZI-data=1384  
After Build - User command #1: fromelf --bin --output .\Build\empty.bin .\Build\empty.axf
".\Build\empty.axf" - 0 Error(s), 0 Warning(s).

<h2>Software Packages used:</h2>

Package Vendor: ARM
                http://www.keil.com/pack/ARM.CMSIS.5.9.0.pack
                ARM.CMSIS.5.9.0
                CMSIS (Common Microcontroller Software Interface Standard)
   * Component: CORE Version: 5.6.0

Package Vendor: TexasInstruments
                http://software-dl.ti.com/msp430/msp430_public_sw/mcu/msp430/msp432cmsis/latest/exports/TexasInstruments.MSP432P4xx_DFP.3.2.6.pack
                TexasInstruments.MSP432P4xx_DFP.3.2.6
                Device Family Pack for Texas Instruments SimpleLink(TM) MSP432 Series

<h2>Collection of Component include folders:</h2>
  ./RTE/_empty
  E:/keil5software/software/ARM/CMSIS/5.9.0/CMSIS/Core/Include
  E:/keil5software/software/TexasInstruments/MSP432P4xx_DFP/3.2.6/Device/Include

<h2>Collection of Component Files used:</h2>

   * Component: ARM::CMSIS:CORE:5.6.0
Build Time Elapsed:  00:00:05
</pre>
</body>
</html>
