Component: ARM Compiler 5.06 update 7 (build 960) Tool: armlink [4d3601]

==============================================================================

Section Cross References

    main.o(i.main) refers to clock.o(i.CLOCK_Init) for CLOCK_Init
    main.o(i.main) refers to usart.o(i.uart_init) for uart_init
    main.o(i.main) refers to usart.o(i.uart2_init) for uart2_init
    main.o(i.main) refers to delay.o(i.delay_init) for delay_init
    main.o(i.main) refers to oled.o(i.OLED_Init) for OLED_Init
    main.o(i.main) refers to led.o(i.LED_Init) for LED_Init
    main.o(i.main) refers to pid.o(i.PID_param_init) for PID_param_init
    main.o(i.main) refers to key.o(i.KEY_Init) for KEY_Init
    main.o(i.main) refers to exti.o(i.EXTI_Init) for EXTI_Init
    main.o(i.main) refers to beep.o(i.BEEP_Init) for BEEP_Init
    main.o(i.main) refers to sensor.o(i.gray_Init) for gray_Init
    main.o(i.main) refers to timer.o(i.TimA1_Init) for TimA1_Init
    main.o(i.main) refers to timer.o(i.TimA0_Init) for TimA0_Init
    main.o(i.main) refers to timer.o(i.TimA2_Init) for TimA2_Init
    main.o(i.main) refers to interrupt.o(i.Interrupt_enableMaster) for Interrupt_enableMaster
    main.o(i.main) refers to usart.o(i.UART_NVIC_Init) for UART_NVIC_Init
    main.o(i.main) refers to control.o(i.MotorDir) for MotorDir
    main.o(i.main) refers to gpio.o(i.GPIO_setAsOutputPin) for GPIO_setAsOutputPin
    main.o(i.main) refers to interrupt.o(i.Interrupt_setPriority) for Interrupt_setPriority
    main.o(i.main) refers to gpio.o(i.GPIO_clearInterruptFlag) for GPIO_clearInterruptFlag
    main.o(i.main) refers to usart.o(i.FrameJudge) for FrameJudge
    main.o(i.main) refers to jy901.o(i.JYJudge) for JYJudge
    main.o(i.main) refers to control.o(i.MotorControl) for MotorControl
    main.o(i.main) refers to control.o(i.ServoAngle) for ServoAngle
    main.o(i.main) refers to usart.o(.data) for state_flag
    main.o(i.main) refers to jy901.o(.data) for JY_flag
    main.o(i.main) refers to usart.o(.bss) for JugleBuffer
    main.o(i.main) refers to usart.o(.bss) for UART3_Rx_Buffer
    main.o(i.main) refers to jy901.o(.bss) for JY901_dealBuffer
    main.o(i.main) refers to jy901.o(.bss) for JY901_RxBuffer
    system_msp432p401r.o(i.SystemCoreClockUpdate) refers to system_msp432p401r.o(.data) for .data
    startup_msp432p401r_uvision.o(RESET) refers to startup_msp432p401r_uvision.o(STACK) for __initial_sp
    startup_msp432p401r_uvision.o(RESET) refers to startup_msp432p401r_uvision.o(.text) for Reset_Handler
    startup_msp432p401r_uvision.o(RESET) refers to timer.o(i.TA2_0_IRQHandler) for TA2_0_IRQHandler
    startup_msp432p401r_uvision.o(RESET) refers to hc-sr0.o(i.TA3_N_IRQHandler) for TA3_N_IRQHandler
    startup_msp432p401r_uvision.o(RESET) refers to jy901.o(i.EUSCIA0_IRQHandler) for EUSCIA0_IRQHandler
    startup_msp432p401r_uvision.o(RESET) refers to bluetooth.o(i.EUSCIA2_IRQHandler) for EUSCIA2_IRQHandler
    startup_msp432p401r_uvision.o(RESET) refers to usart.o(i.EUSCIA3_IRQHandler) for EUSCIA3_IRQHandler
    startup_msp432p401r_uvision.o(RESET) refers to exti.o(i.PORT1_IRQHandler) for PORT1_IRQHandler
    startup_msp432p401r_uvision.o(RESET) refers to exti.o(i.PORT3_IRQHandler) for PORT3_IRQHandler
    startup_msp432p401r_uvision.o(RESET) refers to exti.o(i.PORT6_IRQHandler) for PORT6_IRQHandler
    startup_msp432p401r_uvision.o(.text) refers to system_msp432p401r.o(i.SystemInit) for SystemInit
    startup_msp432p401r_uvision.o(.text) refers to entry.o(.ARM.Collect$$$$00000000) for __main
    led.o(i.LED_Init) refers to gpio.o(i.GPIO_setAsOutputPin) for GPIO_setAsOutputPin
    led.o(i.LED_Init) refers to gpio.o(i.GPIO_setOutputLowOnPin) for GPIO_setOutputLowOnPin
    timer.o(i.TA2_0_IRQHandler) refers to timer_a.o(i.Timer_A_clearCaptureCompareInterrupt) for Timer_A_clearCaptureCompareInterrupt
    timer.o(i.TA2_0_IRQHandler) refers to printf8.o(i.__0printf$8) for __2printf
    timer.o(i.TA2_0_IRQHandler) refers to pid.o(i.GET_ENCODER_NUM) for GET_ENCODER_NUM
    timer.o(i.TA2_0_IRQHandler) refers to pid.o(i.Speed_control) for Speed_control
    timer.o(i.TA2_0_IRQHandler) refers to main.o(.data) for encoder_R
    timer.o(i.TA2_0_IRQHandler) refers to main.o(.data) for encoder_L
    timer.o(i.TA2_0_IRQHandler) refers to timer.o(.data) for .data
    timer.o(i.TA2_0_IRQHandler) refers to usart.o(.data) for output
    timer.o(i.TimA0_Init) refers to gpio.o(i.GPIO_setAsPeripheralModuleFunctionOutputPin) for GPIO_setAsPeripheralModuleFunctionOutputPin
    timer.o(i.TimA0_Init) refers to memcpya.o(.text) for __aeabi_memcpy4
    timer.o(i.TimA0_Init) refers to timer_a.o(i.Timer_A_generatePWM) for Timer_A_generatePWM
    timer.o(i.TimA0_Init) refers to timer.o(.constdata) for .constdata
    timer.o(i.TimA1_Init) refers to gpio.o(i.GPIO_setAsPeripheralModuleFunctionOutputPin) for GPIO_setAsPeripheralModuleFunctionOutputPin
    timer.o(i.TimA1_Init) refers to timer_a.o(i.Timer_A_generatePWM) for Timer_A_generatePWM
[...]
    Removing interrupt.o(i.IntDefaultHandler), (2 bytes).
    Removing interrupt.o(i.Interrupt_disableInterrupt), (100 bytes).
    Removing interrupt.o(i.Interrupt_disableMaster), (14 bytes).
    Removing interrupt.o(i.Interrupt_disableSleepOnIsrExit), (16 bytes).
    Removing interrupt.o(i.Interrupt_enableSleepOnIsrExit), (16 bytes).
    Removing interrupt.o(i.Interrupt_getPriority), (28 bytes).
    Removing interrupt.o(i.Interrupt_getPriorityGrouping), (36 bytes).
    Removing interrupt.o(i.Interrupt_getPriorityMask), (10 bytes).
    Removing interrupt.o(i.Interrupt_getVectorTableAddress), (12 bytes).
    Removing interrupt.o(i.Interrupt_isEnabled), (104 bytes).
    Removing interrupt.o(i.Interrupt_pendInterrupt), (84 bytes).
    Removing interrupt.o(i.Interrupt_registerInterrupt), (52 bytes).
    Removing interrupt.o(i.Interrupt_setPriorityGrouping), (28 bytes).
    Removing interrupt.o(i.Interrupt_setPriorityMask), (4 bytes).
    Removing interrupt.o(i.Interrupt_setVectorTableAddress), (12 bytes).
    Removing interrupt.o(i.Interrupt_unpendInterrupt), (68 bytes).
    Removing interrupt.o(i.Interrupt_unregisterInterrupt), (20 bytes).
    Removing interrupt.o(vtable), (228 bytes).
    Removing pcm.o(.rev16_text), (4 bytes).
    Removing pcm.o(.revsh_text), (4 bytes).
    Removing pcm.o(.rrx_text), (6 bytes).
    Removing pcm.o(i.PCM_clearInterruptFlag), (16 bytes).
    Removing pcm.o(i.PCM_disableInterrupt), (16 bytes).
    Removing pcm.o(i.PCM_disableRudeMode), (28 bytes).
    Removing pcm.o(i.PCM_enableInterrupt), (16 bytes).
    Removing pcm.o(i.PCM_enableRudeMode), (24 bytes).
    Removing pcm.o(i.PCM_getEnabledInterruptStatus), (16 bytes).
    Removing pcm.o(i.PCM_getInterruptStatus), (12 bytes).
    Removing pcm.o(i.PCM_getPowerState), (12 bytes).
    Removing pcm.o(i.PCM_gotoLPM0), (44 bytes).
    Removing pcm.o(i.PCM_gotoLPM0InterruptSafe), (24 bytes).
    Removing pcm.o(i.PCM_gotoLPM3), (136 bytes).
    Removing pcm.o(i.PCM_gotoLPM3InterruptSafe), (24 bytes).
    Removing pcm.o(i.PCM_gotoLPM4), (18 bytes).
    Removing pcm.o(i.PCM_gotoLPM4InterruptSafe), (32 bytes).
    Removing pcm.o(i.PCM_registerInterrupt), (20 bytes).
    Removing pcm.o(i.PCM_setCoreVoltageLevelNonBlocking), (8 bytes).
    Removing pcm.o(i.PCM_setCoreVoltageLevelWithTimeout), (6 bytes).
    Removing pcm.o(i.PCM_setPowerMode), (8 bytes).
    Removing pcm.o(i.PCM_setPowerModeNonBlocking), (8 bytes).
    Removing pcm.o(i.PCM_setPowerModeWithTimeout), (6 bytes).
    Removing pcm.o(i.PCM_setPowerState), (8 bytes).
    Removing pcm.o(i.PCM_setPowerStateNonBlocking), (8 bytes).
    Removing pcm.o(i.PCM_setPowerStateWithTimeout), (6 bytes).
    Removing pcm.o(i.PCM_shutdownDevice), (76 bytes).
    Removing pcm.o(i.PCM_unregisterInterrupt), (18 bytes).
    Removing pcm.o(i.__PCM_setPowerStateAdvanced), (580 bytes).
    Removing timer_a.o(.rev16_text), (4 bytes).
    Removing timer_a.o(.revsh_text), (4 bytes).
    Removing timer_a.o(.rrx_text), (6 bytes).
    Removing timer_a.o(i.Timer_A_configureContinuousMode), (42 bytes).
    Removing timer_a.o(i.Timer_A_configureUpDownMode), (70 bytes).
    Removing timer_a.o(i.Timer_A_disableCaptureCompareInterrupt), (28 bytes).
    Removing timer_a.o(i.Timer_A_disableInterrupt), (12 bytes).
    Removing timer_a.o(i.Timer_A_enableCaptureCompareInterrupt), (28 bytes).
    Removing timer_a.o(i.Timer_A_enableInterrupt), (12 bytes).
    Removing timer_a.o(i.Timer_A_getCaptureCompareInterruptStatus), (20 bytes).
    Removing timer_a.o(i.Timer_A_getCounterValue), (28 bytes).
    Removing timer_a.o(i.Timer_A_getInterruptStatus), (8 bytes).
    Removing timer_a.o(i.Timer_A_getOutputForOutputModeOutBitValue), (32 bytes).
    Removing timer_a.o(i.Timer_A_initCapture), (68 bytes).
    Removing timer_a.o(i.Timer_A_initCompare), (40 bytes).
    Removing timer_a.o(i.Timer_A_registerInterrupt), (214 bytes).
    Removing timer_a.o(i.Timer_A_setOutputForOutputModeOutBitValue), (26 bytes).
    Removing timer_a.o(i.Timer_A_stopTimer), (10 bytes).
    Removing timer_a.o(i.Timer_A_unregisterInterrupt), (198 bytes).
    Removing uart.o(.rev16_text), (4 bytes).
    Removing uart.o(.revsh_text), (4 bytes).
    Removing uart.o(.rrx_text), (6 bytes).
    Removing uart.o(i.UART_disableInterrupt), (26 bytes).
    Removing uart.o(i.UART_disableModule), (12 bytes).
    Removing uart.o(i.UART_getInterruptStatus), (6 bytes).
    Removing uart.o(i.UART_getReceiveBufferAddressForDMA), (4 bytes).
    Removing uart.o(i.UART_getTransmitBufferAddressForDMA), (4 bytes).
    Removing uart.o(i.UART_queryStatusFlags), (6 bytes).
    Removing uart.o(i.UART_registerInterrupt), (96 bytes).
    Removing uart.o(i.UART_resetDormant), (12 bytes).
    Removing uart.o(i.UART_selectDeglitchTime), (12 bytes).
    Removing uart.o(i.UART_setDormant), (12 bytes).
    Removing uart.o(i.UART_transmitAddress), (14 bytes).
    Removing uart.o(i.UART_transmitBreak), (48 bytes).
    Removing uart.o(i.UART_unregisterInterrupt), (96 bytes).
    Removing cpu.o(.rev16_text), (4 bytes).
    Removing cpu.o(.revsh_text), (4 bytes).
    Removing cpu.o(.rrx_text), (6 bytes).
    Removing rtc_c.o(.rev16_text), (4 bytes).
    Removing rtc_c.o(.revsh_text), (4 bytes).
    Removing rtc_c.o(.rrx_text), (6 bytes).
    Removing rtc_c.o(i.RTC_C_clearInterruptFlag), (76 bytes).
    Removing rtc_c.o(i.RTC_C_convertBCDToBinary), (12 bytes).
    Removing rtc_c.o(i.RTC_C_convertBinaryToBCD), (12 bytes).
    Removing rtc_c.o(i.RTC_C_definePrescaleEvent), (30 bytes).
    Removing rtc_c.o(i.RTC_C_disableInterrupt), (72 bytes).
    Removing rtc_c.o(i.RTC_C_enableInterrupt), (60 bytes).
    Removing rtc_c.o(i.RTC_C_getCalendarTime), (100 bytes).
    Removing rtc_c.o(i.RTC_C_getEnabledInterruptStatus), (108 bytes).
    Removing rtc_c.o(i.RTC_C_getInterruptStatus), (44 bytes).
    Removing rtc_c.o(i.RTC_C_getPrescaleValue), (28 bytes).
    Removing rtc_c.o(i.RTC_C_holdClock), (40 bytes).
    Removing rtc_c.o(i.RTC_C_initCalendar), (108 bytes).
    Removing rtc_c.o(i.RTC_C_registerInterrupt), (20 bytes).
    Removing rtc_c.o(i.RTC_C_setCalendarAlarm), (44 bytes).
    Removing rtc_c.o(i.RTC_C_setCalendarEvent), (44 bytes).
    Removing rtc_c.o(i.RTC_C_setCalibrationData), (40 bytes).
    Removing rtc_c.o(i.RTC_C_setCalibrationFrequency), (44 bytes).
    Removing rtc_c.o(i.RTC_C_setPrescaleValue), (68 bytes).
    Removing rtc_c.o(i.RTC_C_setTemperatureCompensation), (36 bytes).
    Removing rtc_c.o(i.RTC_C_startClock), (36 bytes).
    Removing rtc_c.o(i.RTC_C_unregisterInterrupt), (18 bytes).
    Removing sysctl.o(.rev16_text), (4 bytes).
    Removing sysctl.o(.revsh_text), (4 bytes).
    Removing sysctl.o(.rrx_text), (6 bytes).
    Removing sysctl.o(i.SysCtl_disableGlitchFilter), (16 bytes).
    Removing sysctl.o(i.SysCtl_disablePeripheralAtCPUHalt), (16 bytes).
    Removing sysctl.o(i.SysCtl_disableSRAMBank), (84 bytes).
    Removing sysctl.o(i.SysCtl_disableSRAMBankRetention), (24 bytes).
    Removing sysctl.o(i.SysCtl_enableGlitchFilter), (16 bytes).
    Removing sysctl.o(i.SysCtl_enablePeripheralAtCPUHalt), (16 bytes).
    Removing sysctl.o(i.SysCtl_enableSRAMBank), (24 bytes).
    Removing sysctl.o(i.SysCtl_enableSRAMBankRetention), (24 bytes).
    Removing sysctl.o(i.SysCtl_getFlashSize), (12 bytes).
    Removing sysctl.o(i.SysCtl_getSRAMSize), (12 bytes).
    Removing sysctl.o(i.SysCtl_getTempCalibrationConstant), (14 bytes).
    Removing sysctl.o(i.SysCtl_rebootDevice), (16 bytes).
    Removing sysctl.o(i.SysCtl_setWDTPasswordViolationResetType), (24 bytes).
    Removing sysctl.o(i.SysCtl_setWDTTimeoutResetType), (24 bytes).
    Removing wdt_a.o(.rev16_text), (4 bytes).
    Removing wdt_a.o(.revsh_text), (4 bytes).
    Removing wdt_a.o(.rrx_text), (6 bytes).
    Removing wdt_a.o(i.WDT_A_clearTimer), (24 bytes).
    Removing wdt_a.o(i.WDT_A_holdTimer), (24 bytes).
    Removing wdt_a.o(i.WDT_A_initIntervalTimer), (20 bytes).
    Removing wdt_a.o(i.WDT_A_initWatchdogTimer), (20 bytes).
    Removing wdt_a.o(i.WDT_A_registerInterrupt), (20 bytes).
    Removing wdt_a.o(i.WDT_A_setPasswordViolationReset), (4 bytes).
    Removing wdt_a.o(i.WDT_A_setTimeoutReset), (4 bytes).
    Removing wdt_a.o(i.WDT_A_startTimer), (20 bytes).
    Removing wdt_a.o(i.WDT_A_unregisterInterrupt), (18 bytes).
    Removing dadd.o(.text), (334 bytes).
    Removing dmul.o(.text), (228 bytes).
    Removing ddiv.o(.text), (222 bytes).
    Removing dflti.o(.text), (34 bytes).
    Removing f2d.o(.text), (38 bytes).
    Removing d2f.o(.text), (56 bytes).
    Removing fepilogue.o(.text), (110 bytes).
    Removing depilogue.o(.text), (186 bytes).
    Removing dneg.o(.text), (6 bytes).
    Removing dfixul.o(.text), (48 bytes).
    Removing cdcmple.o(.text), (48 bytes).
    Removing cdrcmple.o(.text), (48 bytes).
    Removing dsqrt.o(.text), (162 bytes).

460 unused section(s) (total 32264 bytes) removed from the image.

==============================================================================

Image Symbol Table

    Local Symbols

    Symbol Name                              Value     Ov Type        Size  Object(Section)

    RESET                                    0x00000000   Section      324  startup_msp432p401r_uvision.o(RESET)
    ../clib/microlib/division.c              0x00000000   Number         0  uldiv.o ABSOLUTE
    ../clib/microlib/division.c              0x00000000   Number         0  ldiv.o ABSOLUTE
    ../clib/microlib/division.c              0x00000000   Number         0  uidiv.o ABSOLUTE
    ../clib/microlib/errno.c                 0x00000000   Number         0  errno.o ABSOLUTE
    ../clib/microlib/init/entry.s            0x00000000   Number         0  entry10a.o ABSOLUTE
    ../clib/microlib/init/entry.s            0x00000000   Number         0  entry9b.o ABSOLUTE
    ../clib/microlib/init/entry.s            0x00000000   Number         0  entry9a.o ABSOLUTE
    ../clib/microlib/init/entry.s            0x00000000   Number         0  entry7a.o ABSOLUTE
    ../clib/microlib/init/entry.s            0x00000000   Number         0  entry8b.o ABSOLUTE
    ../clib/microlib/init/entry.s            0x00000000   Number         0  entry12b.o ABSOLUTE
    ../clib/microlib/init/entry.s            0x00000000   Number         0  entry11b.o ABSOLUTE
    ../clib/microlib/init/entry.s            0x00000000   Number         0  entry12a.o ABSOLUTE
    ../clib/microlib/init/entry.s            0x00000000   Number         0  entry2.o ABSOLUTE
    ../clib/microlib/init/entry.s            0x00000000   Number         0  entry5.o ABSOLUTE
    ../clib/microlib/init/entry.s            0x00000000   Number         0  entry.o ABSOLUTE
    ../clib/microlib/init/entry.s            0x00000000   Number         0  entry11a.o ABSOLUTE
    ../clib/microlib/init/entry.s            0x00000000   Number         0  entry7b.o ABSOLUTE
    ../clib/microlib/init/entry.s            0x00000000   Number         0  entry10b.o ABSOLUTE
    ../clib/microlib/init/entry.s            0x00000000   Number         0  entry8a.o ABSOLUTE
    ../clib/microlib/longlong.c              0x00000000   Number         0  llsshr.o ABSOLUTE
    ../clib/microlib/longlong.c              0x00000000   Number         0  llshl.o ABSOLUTE
    ../clib/microlib/longlong.c              0x00000000   Number         0  llushr.o ABSOLUTE
    ../clib/microlib/printf/printf.c         0x00000000   Number         0  printfb.o ABSOLUTE
    ../clib/microlib/printf/printf.c         0x00000000   Number         0  printf0.o ABSOLUTE
    ../clib/microlib/printf/printf.c         0x00000000   Number         0  printf1.o ABSOLUTE
    ../clib/microlib/printf/printf.c         0x00000000   Number         0  printf2.o ABSOLUTE
    ../clib/microlib/printf/printf.c         0x00000000   Number         0  printf4.o ABSOLUTE
    ../clib/microlib/printf/printf.c         0x00000000   Number         0  printf5.o ABSOLUTE
    ../clib/microlib/printf/printf.c         0x00000000   Number         0  printf6.o ABSOLUTE
    ../clib/microlib/printf/printf.c         0x00000000   Number         0  printf3.o ABSOLUTE
    ../clib/microlib/printf/printf.c         0x00000000   Number         0  printf8.o ABSOLUTE
    ../clib/microlib/printf/printf.c         0x00000000   Number         0  printfa.o ABSOLUTE
    ../clib/microlib/printf/printf.c         0x00000000   Number         0  printf7.o ABSOLUTE
    ../clib/microlib/printf/stubs.s          0x00000000   Number         0  stubs.o ABSOLUTE
    ../clib/microlib/stdio/streams.c         0x00000000   Number         0  stdout.o ABSOLUTE
    ../clib/microlib/string/memcmp.c         0x00000000   Number         0  memcmp.o ABSOLUTE
    ../clib/microlib/string/memcpy.c         0x00000000   Number         0  memcpya.o ABSOLUTE
    ../clib/microlib/string/memcpy.c         0x00000000   Number         0  memcpyb.o ABSOLUTE
    ../clib/microlib/string/memset.c         0x00000000   Number         0  memseta.o ABSOLUTE
    ../clib/microlib/stubs.s                 0x00000000   Number         0  iusefp.o ABSOLUTE
    ../fplib/microlib/d2f.c                  0x00000000   Number         0  d2f.o ABSOLUTE
    ../fplib/microlib/f2d.c                  0x00000000   Number         0  f2d.o ABSOLUTE
    ../fplib/microlib/fpadd.c                0x00000000   Number         0  dadd.o ABSOLUTE
    ../fplib/microlib/fpdiv.c                0x00000000   Number         0  ddiv.o ABSOLUTE
    ../fplib/microlib/fpepilogue.c           0x00000000   Number         0  fepilogue.o ABSOLUTE
    ../fplib/microlib/fpepilogue.c           0x00000000   Number         0  depilogue.o ABSOLUTE
    ../fplib/microlib/fpfix.c                0x00000000   Number         0  dfixul.o ABSOLUTE
    ../fplib/microlib/fpflt.c                0x00000000   Number         0  dflti.o ABSOLUTE
    ../fplib/microlib/fpmul.c                0x00000000   Number         0  dmul.o ABSOLUTE
    ../fplib/microlib/fpneg.c                0x00000000   Number         0  dneg.o ABSOLUTE
    ../fplib/microlib/fpsqrt.c               0x00000000   Number         0  dsqrt.o ABSOLUTE
    ../mathlib/asin.c                        0x00000000   Number         0  asin.o ABSOLUTE
    ../mathlib/asin.c                        0x00000000   Number         0  asin_x.o ABSOLUTE
    ../mathlib/atan.c                        0x00000000   Number         0  atan.o ABSOLUTE
    ../mathlib/atan.c                        0x00000000   Number         0  atan_x.o ABSOLUTE
    ../mathlib/atan2.c                       0x00000000   Number         0  atan2.o ABSOLUTE
    ../mathlib/atan2.c                       0x00000000   Number         0  atan2_x.o ABSOLUTE
    ../mathlib/dunder.c                      0x00000000   Number         0  dunder.o ABSOLUTE
    ../mathlib/fabs.c                        0x00000000   Number         0  fabs.o ABSOLUTE
    ../mathlib/fpclassify.c                  0x00000000   Number         0  fpclassify.o ABSOLUTE
    ../mathlib/poly.c                        0x00000000   Number         0  poly.o ABSOLUTE
    ../mathlib/qnan.c                        0x00000000   Number         0  qnan.o ABSOLUTE
    ../mathlib/sqrt.c                        0x00000000   Number         0  sqrt_x.o ABSOLUTE
    ../mathlib/sqrt.c                        0x00000000   Number         0  sqrt.o ABSOLUTE
    ../system_msp432p401r.c                  0x00000000   Number         0  system_msp432p401r.o ABSOLUTE
    ..\Hardware\BlueTooth\BlueTooth.c        0x00000000   Number         0  bluetooth.o ABSOLUTE
    ..\Hardware\EXTI\exti.c                  0x00000000   Number         0  exti.o ABSOLUTE
    ..\Hardware\HC_SR0\HC-SR0.c              0x00000000   Number         0  hc-sr0.o ABSOLUTE
    ..\Hardware\JY901\JY901.c                0x00000000   Number         0  jy901.o ABSOLUTE
    ..\Hardware\KEY\key.c                    0x00000000   Number         0  key.o ABSOLUTE
    ..\Hardware\LED\led.c                    0x00000000   Number         0  led.o ABSOLUTE
    ..\Hardware\MPU6050\eMPL\inv_mpu.c       0x00000000   Number         0  inv_mpu.o ABSOLUTE
    ..\Hardware\MPU6050\eMPL\inv_mpu_dmp_motion_driver.c 0x00000000   Number         0  inv_mpu_dmp_motion_driver.o ABSOLUTE
    ..\Hardware\MPU6050\mpu6050.c            0x00000000   Number         0  mpu6050.o ABSOLUTE
    ..\Hardware\MPU6050\myiic.c              0x00000000   Number         0  myiic.o ABSOLUTE
    ..\Hardware\OLED\oled.c                  0x00000000   Number         0  oled.o ABSOLUTE
    ..\Hardware\beep\beep.c                  0x00000000   Number         0  beep.o ABSOLUTE
    ..\Hardware\control\control.c            0x00000000   Number         0  control.o ABSOLUTE
    ..\Hardware\sensor\sensor.c              0x00000000   Number         0  sensor.o ABSOLUTE
    ..\Hardware\timer\timer.c                0x00000000   Number         0  timer.o ABSOLUTE
    ..\\Hardware\\BlueTooth\\BlueTooth.c     0x00000000   Number         0  bluetooth.o ABSOLUTE
    ..\\Hardware\\EXTI\\exti.c               0x00000000   Number         0  exti.o ABSOLUTE
    ..\\Hardware\\HC_SR0\\HC-SR0.c           0x00000000   Number         0  hc-sr0.o ABSOLUTE
    ..\\Hardware\\JY901\\JY901.c             0x00000000   Number         0  jy901.o ABSOLUTE
    ..\\Hardware\\KEY\\key.c                 0x00000000   Number         0  key.o ABSOLUTE
    ..\\Hardware\\LED\\led.c                 0x00000000   Number         0  led.o ABSOLUTE
    ..\\Hardware\\MPU6050\\eMPL\\inv_mpu.c   0x00000000   Number         0  inv_mpu.o ABSOLUTE
    ..\\Hardware\\MPU6050\\eMPL\\inv_mpu_dmp_motion_driver.c 0x00000000   Number         0  inv_mpu_dmp_motion_driver.o ABSOLUTE
    ..\\Hardware\\MPU6050\\mpu6050.c         0x00000000   Number         0  mpu6050.o ABSOLUTE
    ..\\Hardware\\MPU6050\\myiic.c           0x00000000   Number         0  myiic.o ABSOLUTE
    ..\\Hardware\\OLED\\oled.c               0x00000000   Number         0  oled.o ABSOLUTE
    ..\\Hardware\\beep\\beep.c               0x00000000   Number         0  beep.o ABSOLUTE
    ..\\Hardware\\control\\control.c         0x00000000   Number         0  control.o ABSOLUTE
    ..\\Hardware\\sensor\\sensor.c           0x00000000   Number         0  sensor.o ABSOLUTE
    ..\\Hardware\\timer\\timer.c             0x00000000   Number         0  timer.o ABSOLUTE
    ..\\lib\\Clock\\clock.c                  0x00000000   Number         0  clock.o ABSOLUTE
    ..\\lib\\PID\\PID.c                      0x00000000   Number         0  pid.o ABSOLUTE
    ..\\lib\\USART\\baudrate_calculate.c     0x00000000   Number         0  baudrate_calculate.o ABSOLUTE
    ..\\lib\\USART\\usart.c                  0x00000000   Number         0  usart.o ABSOLUTE
    ..\\lib\\delay\\delay.c                  0x00000000   Number         0  delay.o ABSOLUTE
    ..\\main.c                               0x00000000   Number         0  main.o ABSOLUTE
    ..\lib\Clock\clock.c                     0x00000000   Number         0  clock.o ABSOLUTE
    ..\lib\PID\PID.c                         0x00000000   Number         0  pid.o ABSOLUTE
    ..\lib\USART\baudrate_calculate.c        0x00000000   Number         0  baudrate_calculate.o ABSOLUTE
    ..\lib\USART\usart.c                     0x00000000   Number         0  usart.o ABSOLUTE
    ..\lib\business_process\business_process.c 0x00000000   Number         0  business_process.o ABSOLUTE
    ..\lib\delay\delay.c                     0x00000000   Number         0  delay.o ABSOLUTE
    ..\main.c                                0x00000000   Number         0  main.o ABSOLUTE
    ..\system_msp432p401r.c                  0x00000000   Number         0  system_msp432p401r.o ABSOLUTE
    cdcmple.s                                0x00000000   Number         0  cdcmple.o ABSOLUTE
    cdrcmple.s                               0x00000000   Number         0  cdrcmple.o ABSOLUTE
    cpu.c                                    0x00000000   Number         0  cpu.o ABSOLUTE
    cpu.c                                    0x00000000   Number         0  cpu.o ABSOLUTE
    cs.c                                     0x00000000   Number         0  cs.o ABSOLUTE
    cs.c                                     0x00000000   Number         0  cs.o ABSOLUTE
    dc.s                                     0x00000000   Number         0  dc.o ABSOLUTE
    flash.c                                  0x00000000   Number         0  flash.o ABSOLUTE
    flash.c                                  0x00000000   Number         0  flash.o ABSOLUTE
    gpio.c                                   0x00000000   Number         0  gpio.o ABSOLUTE
    gpio.c                                   0x00000000   Number         0  gpio.o ABSOLUTE
    handlers.s                               0x00000000   Number         0  handlers.o ABSOLUTE
    init.s                                   0x00000000   Number         0  init.o ABSOLUTE
    interrupt.c                              0x00000000   Number         0  interrupt.o ABSOLUTE
    interrupt.c                              0x00000000   Number         0  interrupt.o ABSOLUTE
    pcm.c                                    0x00000000   Number         0  pcm.o ABSOLUTE
    pcm.c                                    0x00000000   Number         0  pcm.o ABSOLUTE
    rtc_c.c                                  0x00000000   Number         0  rtc_c.o ABSOLUTE
    rtc_c.c                                  0x00000000   Number         0  rtc_c.o ABSOLUTE
    startup_msp432p401r_uvision.s            0x00000000   Number         0  startup_msp432p401r_uvision.o ABSOLUTE
    sysctl.c                                 0x00000000   Number         0  sysctl.o ABSOLUTE
    sysctl.c                                 0x00000000   Number         0  sysctl.o ABSOLUTE
    timer_a.c                                0x00000000   Number         0  timer_a.o ABSOLUTE
    timer_a.c                                0x00000000   Number         0  timer_a.o ABSOLUTE
    uart.c                                   0x00000000   Number         0  uart.o ABSOLUTE
    uart.c                                   0x00000000   Number         0  uart.o ABSOLUTE
    wdt_a.c                                  0x00000000   Number         0  wdt_a.o ABSOLUTE
    wdt_a.c                                  0x00000000   Number         0  wdt_a.o ABSOLUTE
    .ARM.Collect$$$$00000000                 0x00000144   Section        0  entry.o(.ARM.Collect$$$$00000000)
    .ARM.Collect$$$$00000001                 0x00000144   Section        4  entry2.o(.ARM.Collect$$$$00000001)
    .ARM.Collect$$$$00000004                 0x00000148   Section        4  entry5.o(.ARM.Collect$$$$00000004)
    .ARM.Collect$$$$00000008                 0x0000014c   Section        0  entry7b.o(.ARM.Collect$$$$00000008)
    .ARM.Collect$$$$0000000A                 0x0000014c   Section        0  entry8b.o(.ARM.Collect$$$$0000000A)
    .ARM.Collect$$$$0000000B                 0x0000014c   Section        8  entry9a.o(.ARM.Collect$$$$0000000B)
    .ARM.Collect$$$$0000000E                 0x00000154   Section        4  entry12b.o(.ARM.Collect$$$$0000000E)
    .ARM.Collect$$$$0000000F                 0x00000158   Section        0  entry10a.o(.ARM.Collect$$$$0000000F)
    .ARM.Collect$$$$00000011                 0x00000158   Section        0  entry11a.o(.ARM.Collect$$$$00000011)
    .ARM.Collect$$$$00002712                 0x00000158   Section        4  entry2.o(.ARM.Collect$$$$00002712)
    __lit__00000000                          0x00000158   Data           4  entry2.o(.ARM.Collect$$$$00002712)
    .emb_text                                0x0000015c   Section       38  cpu.o(.emb_text)
    $v0                                      0x0000015c   Number         0  cpu.o(.emb_text)
    .text                                    0x00000184   Section       36  startup_msp432p401r_uvision.o(.text)
    $v0                                      0x00000184   Number         0  startup_msp432p401r_uvision.o(.text)
    .text                                    0x000001a8   Section        0  memcpya.o(.text)
    .text                                    0x000001cc   Section        0  uldiv.o(.text)
    .text                                    0x0000022e   Section        0  llshl.o(.text)
    .text                                    0x0000024c   Section       36  init.o(.text)
    .text                                    0x00000270   Section        0  llushr.o(.text)
    i.BEEP_Init                              0x00000290   Section        0  beep.o(i.BEEP_Init)
    i.CLOCK_Init                             0x000002a8   Section        0  clock.o(i.CLOCK_Init)
    i.CS_getACLK                             0x00000314   Section        0  cs.o(i.CS_getACLK)
    i.CS_getDCOFrequency                     0x0000032c   Section        0  cs.o(i.CS_getDCOFrequency)
    i.CS_getMCLK                             0x0000049c   Section        0  cs.o(i.CS_getMCLK)
    i.CS_getSMCLK                            0x000004b4   Section        0  cs.o(i.CS_getSMCLK)
    i.CS_initClockSignal                     0x000004cc   Section        0  cs.o(i.CS_initClockSignal)
    i.CS_setExternalClockSourceFrequency     0x000005c8   Section        0  cs.o(i.CS_setExternalClockSourceFrequency)
    i.CS_startHFXT                           0x000005d4   Section        0  cs.o(i.CS_startHFXT)
    i.CS_startHFXTWithTimeout                0x000005dc   Section        0  cs.o(i.CS_startHFXTWithTimeout)
    i.CS_startLFXT                           0x00000720   Section        0  cs.o(i.CS_startLFXT)
    i.CS_startLFXTWithTimeout                0x00000728   Section        0  cs.o(i.CS_startLFXTWithTimeout)
    i.EUSCIA0_IRQHandler                     0x000007dc   Section        0  jy901.o(i.EUSCIA0_IRQHandler)
    i.EUSCIA2_IRQHandler                     0x00000830   Section        0  bluetooth.o(i.EUSCIA2_IRQHandler)
    i.EUSCIA3_IRQHandler                     0x00000870   Section        0  usart.o(i.EUSCIA3_IRQHandler)
    i.EXTI_Init                              0x000008d0   Section        0  exti.o(i.EXTI_Init)
    i.FlashCtl_setWaitState                  0x000009f0   Section        0  flash.o(i.FlashCtl_setWaitState)
    i.FrameJudge                             0x00000a1c   Section        0  usart.o(i.FrameJudge)
    i.GET_ENCODER_NUM                        0x00000a80   Section        0  pid.o(i.GET_ENCODER_NUM)
    i.GPIO_clearInterruptFlag                0x00000ac4   Section        0  gpio.o(i.GPIO_clearInterruptFlag)
    i.GPIO_enableInterrupt                   0x00000ad8   Section        0  gpio.o(i.GPIO_enableInterrupt)
    i.GPIO_getEnabledInterruptStatus         0x00000aec   Section        0  gpio.o(i.GPIO_getEnabledInterruptStatus)
    i.GPIO_getInputPinValue                  0x00000b20   Section        0  gpio.o(i.GPIO_getInputPinValue)
    i.GPIO_interruptEdgeSelect               0x00000b34   Section        0  gpio.o(i.GPIO_interruptEdgeSelect)
    i.GPIO_setAsInputPin                     0x00000b50   Section        0  gpio.o(i.GPIO_setAsInputPin)
    i.GPIO_setAsInputPinWithPullUpResistor   0x00000b78   Section        0  gpio.o(i.GPIO_setAsInputPinWithPullUpResistor)
    i.GPIO_setAsOutputPin                    0x00000ba4   Section        0  gpio.o(i.GPIO_setAsOutputPin)
    i.GPIO_setAsPeripheralModuleFunctionOutputPin 0x00000bc4   Section        0  gpio.o(i.GPIO_setAsPeripheralModuleFunctionOutputPin)
    i.GPIO_setOutputHighOnPin                0x00000c0c   Section        0  gpio.o(i.GPIO_setOutputHighOnPin)
    i.GPIO_setOutputLowOnPin                 0x00000c20   Section        0  gpio.o(i.GPIO_setOutputLowOnPin)
    i.GetBufferdata                          0x00000c34   Section        0  usart.o(i.GetBufferdata)
    i.I2C_SW_Configuration                   0x00000c44   Section        0  oled.o(i.I2C_SW_Configuration)
    i.I2C_Start                              0x00000c58   Section        0  oled.o(i.I2C_Start)
    i.I2C_Stop                               0x00000c70   Section        0  oled.o(i.I2C_Stop)
    i.I2C_WaitAck                            0x00000c88   Section        0  oled.o(i.I2C_WaitAck)
    i.Interrupt_enableInterrupt              0x00000ca0   Section        0  interrupt.o(i.Interrupt_enableInterrupt)
    i.Interrupt_enableMaster                 0x00000d04   Section        0  interrupt.o(i.Interrupt_enableMaster)
    i.Interrupt_setPriority                  0x00000d14   Section        0  interrupt.o(i.Interrupt_setPriority)
    i.JY901_value                            0x00000d3c   Section        0  jy901.o(i.JY901_value)
    i.JYJudge                                0x00000db4   Section        0  jy901.o(i.JYJudge)
    i.KEY_Init                               0x00000e58   Section        0  key.o(i.KEY_Init)
    i.LED_Init                               0x00000e60   Section        0  led.o(i.LED_Init)
    i.MotorControl                           0x00000ea8   Section        0  control.o(i.MotorControl)
    i.MotorDir                               0x00000f54   Section        0  control.o(i.MotorDir)
    i.OLED_Clear                             0x00001028   Section        0  oled.o(i.OLED_Clear)
    i.OLED_Init                              0x00001064   Section        0  oled.o(i.OLED_Init)
    i.OLED_WR_Byte                           0x00001152   Section        0  oled.o(i.OLED_WR_Byte)
    i.PCM_getCoreVoltageLevel                0x00001188   Section        0  pcm.o(i.PCM_getCoreVoltageLevel)
    i.PCM_getPowerMode                       0x000011d4   Section        0  pcm.o(i.PCM_getPowerMode)
    i.PCM_setCoreVoltageLevel                0x00001218   Section        0  pcm.o(i.PCM_setCoreVoltageLevel)
    i.PID_Postion                            0x00001220   Section        0  pid.o(i.PID_Postion)
    i.PID_param_init                         0x000012c0   Section        0  pid.o(i.PID_param_init)
    i.PORT1_IRQHandler                       0x00001428   Section        0  exti.o(i.PORT1_IRQHandler)
    i.PORT3_IRQHandler                       0x00001468   Section        0  exti.o(i.PORT3_IRQHandler)
    i.PORT6_IRQHandler                       0x000014a8   Section        0  exti.o(i.PORT6_IRQHandler)
    i.SET_pid_target                         0x000015b8   Section        0  pid.o(i.SET_pid_target)
    i.Send_Byte                              0x000015c0   Section        0  oled.o(i.Send_Byte)
    i.ServoAngle                             0x000015f8   Section        0  control.o(i.ServoAngle)
    i.Speed_control                          0x00001608   Section        0  pid.o(i.Speed_control)
    i.SysCtl_disableNMISource                0x00001624   Section        0  sysctl.o(i.SysCtl_disableNMISource)
    i.SysCtl_enableNMISource                 0x00001634   Section        0  sysctl.o(i.SysCtl_enableNMISource)
    i.SysCtl_getNMISourceStatus              0x00001644   Section        0  sysctl.o(i.SysCtl_getNMISourceStatus)
    i.SysCtl_getTLVInfo                      0x00001650   Section        0  sysctl.o(i.SysCtl_getTLVInfo)
    i.SystemInit                             0x000016a0   Section        0  system_msp432p401r.o(i.SystemInit)
    i.TA2_0_IRQHandler                       0x00001700   Section        0  timer.o(i.TA2_0_IRQHandler)
    i.TA3_N_IRQHandler                       0x000017ac   Section        0  hc-sr0.o(i.TA3_N_IRQHandler)
    i.TimA0_Init                             0x00001874   Section        0  timer.o(i.TimA0_Init)
    i.TimA1_Init                             0x000018ec   Section        0  timer.o(i.TimA1_Init)
    i.TimA2_Init                             0x00001930   Section        0  timer.o(i.TimA2_Init)
    i.Timer_A_clearCaptureCompareInterrupt   0x00001974   Section        0  timer_a.o(i.Timer_A_clearCaptureCompareInterrupt)
    i.Timer_A_clearInterruptFlag             0x00001990   Section        0  timer_a.o(i.Timer_A_clearInterruptFlag)
    i.Timer_A_clearTimer                     0x0000199c   Section        0  timer_a.o(i.Timer_A_clearTimer)
    i.Timer_A_configureUpMode                0x000019a8   Section        0  timer_a.o(i.Timer_A_configureUpMode)
    i.Timer_A_generatePWM                    0x000019ee   Section        0  timer_a.o(i.Timer_A_generatePWM)
    i.Timer_A_getCaptureCompareCount         0x00001a3e   Section        0  timer_a.o(i.Timer_A_getCaptureCompareCount)
    i.Timer_A_getCaptureCompareEnabledInterruptStatus 0x00001a50   Section        0  timer_a.o(i.Timer_A_getCaptureCompareEnabledInterruptStatus)
    i.Timer_A_getEnabledInterruptStatus      0x00001a76   Section        0  timer_a.o(i.Timer_A_getEnabledInterruptStatus)
    i.Timer_A_getSynchronizedCaptureCompareInput 0x00001a88   Section        0  timer_a.o(i.Timer_A_getSynchronizedCaptureCompareInput)
    i.Timer_A_setCompareValue                0x00001aa0   Section        0  timer_a.o(i.Timer_A_setCompareValue)
    i.Timer_A_startCounter                   0x00001ab2   Section        0  timer_a.o(i.Timer_A_startCounter)
    i.UART_NVIC_Init                         0x00001abc   Section        0  usart.o(i.UART_NVIC_Init)
    i.UART_clearInterruptFlag                0x00001b0c   Section        0  uart.o(i.UART_clearInterruptFlag)
    i.UART_enableInterrupt                   0x00001b16   Section        0  uart.o(i.UART_enableInterrupt)
    i.UART_enableModule                      0x00001b2c   Section        0  uart.o(i.UART_enableModule)
    i.UART_getEnabledInterruptStatus         0x00001b38   Section        0  uart.o(i.UART_getEnabledInterruptStatus)
    i.UART_initModule                        0x00001b5a   Section        0  uart.o(i.UART_initModule)
    i.UART_receiveData                       0x00001be2   Section        0  uart.o(i.UART_receiveData)
    i.UART_transmitData                      0x00001bfc   Section        0  uart.o(i.UART_transmitData)
    i._CSComputeCLKFrequency                 0x00001c14   Section        0  cs.o(i._CSComputeCLKFrequency)
    _CSComputeCLKFrequency                   0x00001c15   Thumb Code   236  cs.o(i._CSComputeCLKFrequency)
    i.__0printf$8                            0x00001d20   Section        0  printf8.o(i.__0printf$8)
    i.__PCM_setCoreVoltageLevelAdvanced      0x00001d40   Section        0  pcm.o(i.__PCM_setCoreVoltageLevelAdvanced)
    __PCM_setCoreVoltageLevelAdvanced        0x00001d41   Thumb Code   242  pcm.o(i.__PCM_setCoreVoltageLevelAdvanced)
    i.__PCM_setPowerModeAdvanced             0x00001e40   Section        0  pcm.o(i.__PCM_setPowerModeAdvanced)
    __PCM_setPowerModeAdvanced               0x00001e41   Thumb Code   200  pcm.o(i.__PCM_setPowerModeAdvanced)
    i.__scatterload_copy                     0x00001f24   Section       14  handlers.o(i.__scatterload_copy)
    i.__scatterload_null                     0x00001f32   Section        2  handlers.o(i.__scatterload_null)
    i.__scatterload_zeroinit                 0x00001f34   Section       14  handlers.o(i.__scatterload_zeroinit)
    i._printf_core                           0x00001f44   Section        0  printf8.o(i._printf_core)
    _printf_core                             0x00001f45   Thumb Code   984  printf8.o(i._printf_core)
    i._printf_post_padding                   0x00002348   Section        0  printf8.o(i._printf_post_padding)
    _printf_post_padding                     0x00002349   Thumb Code    36  printf8.o(i._printf_post_padding)
    i._printf_pre_padding                    0x0000236c   Section        0  printf8.o(i._printf_pre_padding)
    _printf_pre_padding                      0x0000236d   Thumb Code    46  printf8.o(i._printf_pre_padding)
    i.bitPosition                            0x0000239a   Section        0  baudrate_calculate.o(i.bitPosition)
    i.delay_init                             0x000023ac   Section        0  delay.o(i.delay_init)
    i.delay_ms                               0x000023d4   Section        0  delay.o(i.delay_ms)
    i.delay_us                               0x000023ec   Section        0  delay.o(i.delay_us)
    i.eusci_calcBaudDividers                 0x00002420   Section        0  baudrate_calculate.o(i.eusci_calcBaudDividers)
    i.fputc                                  0x00002554   Section        0  usart.o(i.fputc)
    i.gray_Init                              0x00002568   Section        0  sensor.o(i.gray_Init)
    i.location_pid_realize                   0x00002598   Section        0  pid.o(i.location_pid_realize)
    i.main                                   0x00002630   Section        0  main.o(i.main)
    i.privateTimer_AProcessClockSourceDivider 0x00002774   Section        0  timer_a.o(i.privateTimer_AProcessClockSourceDivider)
    privateTimer_AProcessClockSourceDivider  0x00002775   Thumb Code   190  timer_a.o(i.privateTimer_AProcessClockSourceDivider)
    i.set_pid_target                         0x00002832   Section        0  pid.o(i.set_pid_target)
    i.speed1_pid_control                     0x00002838   Section        0  pid.o(i.speed1_pid_control)
    i.speed2_pid_control                     0x0000290c   Section        0  pid.o(i.speed2_pid_control)
    i.speed_pid_realize                      0x000029e0   Section        0  pid.o(i.speed_pid_realize)
    i.twomotor_ctl                           0x00002a7c   Section        0  pid.o(i.twomotor_ctl)
    i.uart2_init                             0x00002ab4   Section        0  usart.o(i.uart2_init)
    i.uart_init                              0x00002af4   Section        0  usart.o(i.uart_init)
    i.uart_warning_led                       0x00002b70   Section        0  baudrate_calculate.o(i.uart_warning_led)
    .constdata                               0x00002bc4   Section       24  timer.o(.constdata)
    .constdata                               0x00002bdc   Section       72  usart.o(.constdata)
    .constdata                               0x00002c24   Section      144  interrupt.o(.constdata)
    g_pulEnRegs                              0x00002c24   Data           8  interrupt.o(.constdata)
    g_pulDisRegs                             0x00002c2c   Data           8  interrupt.o(.constdata)
    g_pulPendRegs                            0x00002c34   Data           8  interrupt.o(.constdata)
    g_pulUnpendRegs                          0x00002c3c   Data           8  interrupt.o(.constdata)
    g_pulPriority                            0x00002c44   Data          32  interrupt.o(.constdata)
    g_pulRegs                                0x00002c64   Data          80  interrupt.o(.constdata)
    .data                                    0x20000000   Section        4  main.o(.data)
    .data                                    0x20000004   Section        4  main.o(.data)
    .data                                    0x20000008   Section        8  timer.o(.data)
    .data                                    0x20000010   Section        4  control.o(.data)
    .data                                    0x20000014   Section       12  hc-sr0.o(.data)
    .data                                    0x20000020   Section        8  bluetooth.o(.data)
    .data                                    0x20000028   Section       20  jy901.o(.data)
    HeadIndex1                               0x2000002b   Data           1  jy901.o(.data)
    BufferIndex                              0x2000002c   Data           1  jy901.o(.data)
    .data                                    0x2000003c   Section        1  delay.o(.data)
    fac_us                                   0x2000003c   Data           1  delay.o(.data)
    .data                                    0x20000040   Section       24  usart.o(.data)
    HeadIndex                                0x20000045   Data           1  usart.o(.data)
    EndIndex                                 0x20000046   Data           1  usart.o(.data)
    BufferIndex                              0x20000047   Data           1  usart.o(.data)
    .data                                    0x20000058   Section       60  pid.o(.data)
    .data                                    0x20000094   Section        8  cs.o(.data)
    hfxtFreq                                 0x20000094   Data           4  cs.o(.data)
    lfxtFreq                                 0x20000098   Data           4  cs.o(.data)
    .data                                    0x2000009c   Section       48  gpio.o(.data)
    GPIO_PORT_TO_BASE                        0x2000009c   Data          48  gpio.o(.data)
    .data                                    0x200000cc   Section        4  stdout.o(.data)
    .bss                                     0x200000d0   Section      100  bluetooth.o(.bss)
    .bss                                     0x20000134   Section      220  jy901.o(.bss)
    .bss                                     0x20000210   Section       22  jy901.o(.bss)
    .bss                                     0x20000226   Section       15  usart.o(.bss)
    .bss                                     0x20000235   Section      256  usart.o(.bss)
    .bss                                     0x20000338   Section      256  pid.o(.bss)
    STACK                                    0x20000438   Section      512  startup_msp432p401r_uvision.o(STACK)

    Global Symbols

    Symbol Name                              Value     Ov Type        Size  Object(Section)

    BuildAttributes$$THM_ISAv4$E$P$D$K$B$S$7EM$VFPi3$EXTD16$VFPS$VFMA$PE$A:L22UL41UL21$X:L11$S22US41US21$IEEE1$IW$USESV6$~STKCKD$USESV7$~SHL$OTIME$ROPI$IEEEX$EBA8$MICROLIB$REQ8$PRES8$EABIv2 0x00000000   Number         0  anon$$obj.o ABSOLUTE
    __ARM_use_no_argv                        0x00000000   Number         0  main.o ABSOLUTE
    __Vectors                                0x00000000   Data           4  startup_msp432p401r_uvision.o(RESET)
    _printf_a                                0x00000000   Number         0  stubs.o ABSOLUTE
    _printf_c                                0x00000000   Number         0  stubs.o ABSOLUTE
    _printf_charcount                        0x00000000   Number         0  stubs.o ABSOLUTE
    _printf_d                                0x00000000   Number         0  stubs.o ABSOLUTE
    _printf_e                                0x00000000   Number         0  stubs.o ABSOLUTE
    _printf_f                                0x00000000   Number         0  stubs.o ABSOLUTE
    _printf_flags                            0x00000000   Number         0  stubs.o ABSOLUTE
    _printf_fp_dec                           0x00000000   Number         0  stubs.o ABSOLUTE
    _printf_fp_hex                           0x00000000   Number         0  stubs.o ABSOLUTE
    _printf_g                                0x00000000   Number         0  stubs.o ABSOLUTE
    _printf_i                                0x00000000   Number         0  stubs.o ABSOLUTE
    _printf_int_dec                          0x00000000   Number         0  stubs.o ABSOLUTE
    _printf_l                                0x00000000   Number         0  stubs.o ABSOLUTE
    _printf_lc                               0x00000000   Number         0  stubs.o ABSOLUTE
    _printf_ll                               0x00000000   Number         0  stubs.o ABSOLUTE
    _printf_lld                              0x00000000   Number         0  stubs.o ABSOLUTE
    _printf_lli                              0x00000000   Number         0  stubs.o ABSOLUTE
    _printf_llo                              0x00000000   Number         0  stubs.o ABSOLUTE
    _printf_llu                              0x00000000   Number         0  stubs.o ABSOLUTE
    _printf_llx                              0x00000000   Number         0  stubs.o ABSOLUTE
    _printf_longlong_dec                     0x00000000   Number         0  stubs.o ABSOLUTE
    _printf_longlong_hex                     0x00000000   Number         0  stubs.o ABSOLUTE
    _printf_longlong_oct                     0x00000000   Number         0  stubs.o ABSOLUTE
    _printf_ls                               0x00000000   Number         0  stubs.o ABSOLUTE
    _printf_mbtowc                           0x00000000   Number         0  stubs.o ABSOLUTE
    _printf_n                                0x00000000   Number         0  stubs.o ABSOLUTE
    _printf_o                                0x00000000   Number         0  stubs.o ABSOLUTE
    _printf_p                                0x00000000   Number         0  stubs.o ABSOLUTE
    _printf_percent                          0x00000000   Number         0  stubs.o ABSOLUTE
    _printf_pre_padding                      0x00000000   Number         0  stubs.o ABSOLUTE
    _printf_return_value                     0x00000000   Number         0  stubs.o ABSOLUTE
    _printf_s                                0x00000000   Number         0  stubs.o ABSOLUTE
    _printf_sizespec                         0x00000000   Number         0  stubs.o ABSOLUTE
    _printf_str                              0x00000000   Number         0  stubs.o ABSOLUTE
    _printf_truncate_signed                  0x00000000   Number         0  stubs.o ABSOLUTE
    _printf_truncate_unsigned                0x00000000   Number         0  stubs.o ABSOLUTE
    _printf_u                                0x00000000   Number         0  stubs.o ABSOLUTE
    _printf_wc                               0x00000000   Number         0  stubs.o ABSOLUTE
    _printf_wctomb                           0x00000000   Number         0  stubs.o ABSOLUTE
    _printf_widthprec                        0x00000000   Number         0  stubs.o ABSOLUTE
    _printf_x                                0x00000000   Number         0  stubs.o ABSOLUTE
    __arm_fini_                               - Undefined Weak Reference
    __cpp_initialize__aeabi_                  - Undefined Weak Reference
    __cxa_finalize                            - Undefined Weak Reference
    __decompress                              - Undefined Weak Reference
    _clock_init                               - Undefined Weak Reference
    _microlib_exit                            - Undefined Weak Reference
    __Vectors_End                            0x00000144   Data           0  startup_msp432p401r_uvision.o(RESET)
    __Vectors_Size                           0x00000144   Number         0  startup_msp432p401r_uvision.o ABSOLUTE
    __main                                   0x00000145   Thumb Code     0  entry.o(.ARM.Collect$$$$00000000)
    _main_stk                                0x00000145   Thumb Code     0  entry2.o(.ARM.Collect$$$$00000001)
    _main_scatterload                        0x00000149   Thumb Code     0  entry5.o(.ARM.Collect$$$$00000004)
    __main_after_scatterload                 0x0000014d   Thumb Code     0  entry5.o(.ARM.Collect$$$$00000004)
    _main_clock                              0x0000014d   Thumb Code     0  entry7b.o(.ARM.Collect$$$$00000008)
    _main_cpp_init                           0x0000014d   Thumb Code     0  entry8b.o(.ARM.Collect$$$$0000000A)
    _main_init                               0x0000014d   Thumb Code     0  entry9a.o(.ARM.Collect$$$$0000000B)
    __rt_lib_shutdown_fini                   0x00000155   Thumb Code     0  entry12b.o(.ARM.Collect$$$$0000000E)
    __rt_final_cpp                           0x00000159   Thumb Code     0  entry10a.o(.ARM.Collect$$$$0000000F)
    __rt_final_exit                          0x00000159   Thumb Code     0  entry11a.o(.ARM.Collect$$$$00000011)
    CPU_cpsid                                0x0000015d   Thumb Code     8  cpu.o(.emb_text)
    CPU_primask                              0x00000165   Thumb Code     6  cpu.o(.emb_text)
    CPU_cpsie                                0x0000016b   Thumb Code     8  cpu.o(.emb_text)
    CPU_wfi                                  0x00000173   Thumb Code     4  cpu.o(.emb_text)
    CPU_basepriSet                           0x00000177   Thumb Code     6  cpu.o(.emb_text)
    CPU_basepriGet                           0x0000017d   Thumb Code     6  cpu.o(.emb_text)
    Reset_Handler                            0x00000185   Thumb Code     8  startup_msp432p401r_uvision.o(.text)
    NMI_Handler                              0x0000018d   Thumb Code     2  startup_msp432p401r_uvision.o(.text)
    HardFault_Handler                        0x0000018f   Thumb Code     2  startup_msp432p401r_uvision.o(.text)
    MemManage_Handler                        0x00000191   Thumb Code     2  startup_msp432p401r_uvision.o(.text)
    BusFault_Handler                         0x00000193   Thumb Code     2  startup_msp432p401r_uvision.o(.text)
    UsageFault_Handler                       0x00000195   Thumb Code     2  startup_msp432p401r_uvision.o(.text)
    SVC_Handler                              0x00000197   Thumb Code     2  startup_msp432p401r_uvision.o(.text)
    DebugMon_Handler                         0x00000199   Thumb Code     2  startup_msp432p401r_uvision.o(.text)
    PendSV_Handler                           0x0000019b   Thumb Code     2  startup_msp432p401r_uvision.o(.text)
    SysTick_Handler                          0x0000019d   Thumb Code     2  startup_msp432p401r_uvision.o(.text)
    ADC14_IRQHandler                         0x0000019f   Thumb Code     0  startup_msp432p401r_uvision.o(.text)
    AES256_IRQHandler                        0x0000019f   Thumb Code     0  startup_msp432p401r_uvision.o(.text)
    COMP_E0_IRQHandler                       0x0000019f   Thumb Code     0  startup_msp432p401r_uvision.o(.text)
    COMP_E1_IRQHandler                       0x0000019f   Thumb Code     0  startup_msp432p401r_uvision.o(.text)
    CS_IRQHandler                            0x0000019f   Thumb Code     0  startup_msp432p401r_uvision.o(.text)
    DMA_ERR_IRQHandler                       0x0000019f   Thumb Code     0  startup_msp432p401r_uvision.o(.text)
    DMA_INT0_IRQHandler                      0x0000019f   Thumb Code     0  startup_msp432p401r_uvision.o(.text)
    DMA_INT1_IRQHandler                      0x0000019f   Thumb Code     0  startup_msp432p401r_uvision.o(.text)
    DMA_INT2_IRQHandler                      0x0000019f   Thumb Code     0  startup_msp432p401r_uvision.o(.text)
    DMA_INT3_IRQHandler                      0x0000019f   Thumb Code     0  startup_msp432p401r_uvision.o(.text)
    EUSCIA1_IRQHandler                       0x0000019f   Thumb Code     0  startup_msp432p401r_uvision.o(.text)
    EUSCIB0_IRQHandler                       0x0000019f   Thumb Code     0  startup_msp432p401r_uvision.o(.text)
    EUSCIB1_IRQHandler                       0x0000019f   Thumb Code     0  startup_msp432p401r_uvision.o(.text)
    EUSCIB2_IRQHandler                       0x0000019f   Thumb Code     0  startup_msp432p401r_uvision.o(.text)
    EUSCIB3_IRQHandler                       0x0000019f   Thumb Code     0  startup_msp432p401r_uvision.o(.text)
    FLCTL_IRQHandler                         0x0000019f   Thumb Code     0  startup_msp432p401r_uvision.o(.text)
    FPU_IRQHandler                           0x0000019f   Thumb Code     0  startup_msp432p401r_uvision.o(.text)
    PCM_IRQHandler                           0x0000019f   Thumb Code     0  startup_msp432p401r_uvision.o(.text)
    PORT2_IRQHandler                         0x0000019f   Thumb Code     0  startup_msp432p401r_uvision.o(.text)
    PORT4_IRQHandler                         0x0000019f   Thumb Code     0  startup_msp432p401r_uvision.o(.text)
    PORT5_IRQHandler                         0x0000019f   Thumb Code     0  startup_msp432p401r_uvision.o(.text)
    PSS_IRQHandler                           0x0000019f   Thumb Code     0  startup_msp432p401r_uvision.o(.text)
    RTC_C_IRQHandler                         0x0000019f   Thumb Code     0  startup_msp432p401r_uvision.o(.text)
    T32_INT1_IRQHandler                      0x0000019f   Thumb Code     0  startup_msp432p401r_uvision.o(.text)
    T32_INT2_IRQHandler                      0x0000019f   Thumb Code     0  startup_msp432p401r_uvision.o(.text)
    T32_INTC_IRQHandler                      0x0000019f   Thumb Code     0  startup_msp432p401r_uvision.o(.text)
    TA0_0_IRQHandler                         0x0000019f   Thumb Code     0  startup_msp432p401r_uvision.o(.text)
    TA0_N_IRQHandler                         0x0000019f   Thumb Code     0  startup_msp432p401r_uvision.o(.text)
    TA1_0_IRQHandler                         0x0000019f   Thumb Code     0  startup_msp432p401r_uvision.o(.text)
    TA1_N_IRQHandler                         0x0000019f   Thumb Code     0  startup_msp432p401r_uvision.o(.text)
    TA2_N_IRQHandler                         0x0000019f   Thumb Code     0  startup_msp432p401r_uvision.o(.text)
    TA3_0_IRQHandler                         0x0000019f   Thumb Code     0  startup_msp432p401r_uvision.o(.text)
    WDT_A_IRQHandler                         0x0000019f   Thumb Code     0  startup_msp432p401r_uvision.o(.text)
    __aeabi_memcpy                           0x000001a9   Thumb Code    36  memcpya.o(.text)
    __aeabi_memcpy4                          0x000001a9   Thumb Code     0  memcpya.o(.text)
    __aeabi_memcpy8                          0x000001a9   Thumb Code     0  memcpya.o(.text)
    __aeabi_uldivmod                         0x000001cd   Thumb Code    98  uldiv.o(.text)
    __aeabi_llsl                             0x0000022f   Thumb Code    30  llshl.o(.text)
    _ll_shift_l                              0x0000022f   Thumb Code     0  llshl.o(.text)
    __scatterload                            0x0000024d   Thumb Code    28  init.o(.text)
    __scatterload_rt2                        0x0000024d   Thumb Code     0  init.o(.text)
    __aeabi_llsr                             0x00000271   Thumb Code    32  llushr.o(.text)
    _ll_ushift_r                             0x00000271   Thumb Code     0  llushr.o(.text)
    BEEP_Init                                0x00000291   Thumb Code    22  beep.o(i.BEEP_Init)
    CLOCK_Init                               0x000002a9   Thumb Code    98  clock.o(i.CLOCK_Init)
    CS_getACLK                               0x00000315   Thumb Code    20  cs.o(i.CS_getACLK)
    CS_getDCOFrequency                       0x0000032d   Thumb Code   332  cs.o(i.CS_getDCOFrequency)
    CS_getMCLK                               0x0000049d   Thumb Code    20  cs.o(i.CS_getMCLK)
    CS_getSMCLK                              0x000004b5   Thumb Code    18  cs.o(i.CS_getSMCLK)
    CS_initClockSignal                       0x000004cd   Thumb Code   222  cs.o(i.CS_initClockSignal)
    CS_setExternalClockSourceFrequency       0x000005c9   Thumb Code     8  cs.o(i.CS_setExternalClockSourceFrequency)
    CS_startHFXT                             0x000005d5   Thumb Code     6  cs.o(i.CS_startHFXT)
    CS_startHFXTWithTimeout                  0x000005dd   Thumb Code   262  cs.o(i.CS_startHFXTWithTimeout)
    CS_startLFXT                             0x00000721   Thumb Code     6  cs.o(i.CS_startLFXT)
    CS_startLFXTWithTimeout                  0x00000729   Thumb Code   158  cs.o(i.CS_startLFXTWithTimeout)
    EUSCIA0_IRQHandler                       0x000007dd   Thumb Code    70  jy901.o(i.EUSCIA0_IRQHandler)
    EUSCIA2_IRQHandler                       0x00000831   Thumb Code    52  bluetooth.o(i.EUSCIA2_IRQHandler)
    EUSCIA3_IRQHandler                       0x00000871   Thumb Code    84  usart.o(i.EUSCIA3_IRQHandler)
    EXTI_Init                                0x000008d1   Thumb Code   288  exti.o(i.EXTI_Init)
    FlashCtl_setWaitState                    0x000009f1   Thumb Code    38  flash.o(i.FlashCtl_setWaitState)
    FrameJudge                               0x00000a1d   Thumb Code    94  usart.o(i.FrameJudge)
    GET_ENCODER_NUM                          0x00000a81   Thumb Code    54  pid.o(i.GET_ENCODER_NUM)
    GPIO_clearInterruptFlag                  0x00000ac5   Thumb Code    16  gpio.o(i.GPIO_clearInterruptFlag)
    GPIO_enableInterrupt                     0x00000ad9   Thumb Code    14  gpio.o(i.GPIO_enableInterrupt)
    GPIO_getEnabledInterruptStatus           0x00000aed   Thumb Code    48  gpio.o(i.GPIO_getEnabledInterruptStatus)
    GPIO_getInputPinValue                    0x00000b21   Thumb Code    16  gpio.o(i.GPIO_getInputPinValue)
    GPIO_interruptEdgeSelect                 0x00000b35   Thumb Code    22  gpio.o(i.GPIO_interruptEdgeSelect)
    GPIO_setAsInputPin                       0x00000b51   Thumb Code    34  gpio.o(i.GPIO_setAsInputPin)
    GPIO_setAsInputPinWithPullUpResistor     0x00000b79   Thumb Code    38  gpio.o(i.GPIO_setAsInputPinWithPullUpResistor)
    GPIO_setAsOutputPin                      0x00000ba5   Thumb Code    26  gpio.o(i.GPIO_setAsOutputPin)
    GPIO_setAsPeripheralModuleFunctionOutputPin 0x00000bc5   Thumb Code    68  gpio.o(i.GPIO_setAsPeripheralModuleFunctionOutputPin)
    GPIO_setOutputHighOnPin                  0x00000c0d   Thumb Code    14  gpio.o(i.GPIO_setOutputHighOnPin)
    GPIO_setOutputLowOnPin                   0x00000c21   Thumb Code    16  gpio.o(i.GPIO_setOutputLowOnPin)
    GetBufferdata                            0x00000c35   Thumb Code    12  usart.o(i.GetBufferdata)
    I2C_SW_Configuration                     0x00000c45   Thumb Code    16  oled.o(i.I2C_SW_Configuration)
    I2C_Start                                0x00000c59   Thumb Code    20  oled.o(i.I2C_Start)
    I2C_Stop                                 0x00000c71   Thumb Code    18  oled.o(i.I2C_Stop)
    I2C_WaitAck                              0x00000c89   Thumb Code    18  oled.o(i.I2C_WaitAck)
    Interrupt_enableInterrupt                0x00000ca1   Thumb Code    92  interrupt.o(i.Interrupt_enableInterrupt)
    Interrupt_enableMaster                   0x00000d05   Thumb Code    14  interrupt.o(i.Interrupt_enableMaster)
    Interrupt_setPriority                    0x00000d15   Thumb Code    36  interrupt.o(i.Interrupt_setPriority)
    JY901_value                              0x00000d3d   Thumb Code   108  jy901.o(i.JY901_value)
    JYJudge                                  0x00000db5   Thumb Code   160  jy901.o(i.JYJudge)
    KEY_Init                                 0x00000e59   Thumb Code     8  key.o(i.KEY_Init)
    LED_Init                                 0x00000e61   Thumb Code    70  led.o(i.LED_Init)
    MotorControl                             0x00000ea9   Thumb Code   136  control.o(i.MotorControl)
    MotorDir                                 0x00000f55   Thumb Code   206  control.o(i.MotorDir)
    OLED_Clear                               0x00001029   Thumb Code    60  oled.o(i.OLED_Clear)
    OLED_Init                                0x00001065   Thumb Code   238  oled.o(i.OLED_Init)
    OLED_WR_Byte                             0x00001153   Thumb Code    54  oled.o(i.OLED_WR_Byte)
    PCM_getCoreVoltageLevel                  0x00001189   Thumb Code    70  pcm.o(i.PCM_getCoreVoltageLevel)
    PCM_getPowerMode                         0x000011d5   Thumb Code    62  pcm.o(i.PCM_getPowerMode)
    PCM_setCoreVoltageLevel                  0x00001219   Thumb Code     8  pcm.o(i.PCM_setCoreVoltageLevel)
    PID_Postion                              0x00001221   Thumb Code   158  pid.o(i.PID_Postion)
    PID_param_init                           0x000012c1   Thumb Code   320  pid.o(i.PID_param_init)
    PORT1_IRQHandler                         0x00001429   Thumb Code    60  exti.o(i.PORT1_IRQHandler)
    PORT3_IRQHandler                         0x00001469   Thumb Code    60  exti.o(i.PORT3_IRQHandler)
    PORT6_IRQHandler                         0x000014a9   Thumb Code   262  exti.o(i.PORT6_IRQHandler)
    SET_pid_target                           0x000015b9   Thumb Code     6  pid.o(i.SET_pid_target)
    Send_Byte                                0x000015c1   Thumb Code    50  oled.o(i.Send_Byte)
    ServoAngle                               0x000015f9   Thumb Code    14  control.o(i.ServoAngle)
    Speed_control                            0x00001609   Thumb Code    22  pid.o(i.Speed_control)
    SysCtl_disableNMISource                  0x00001625   Thumb Code    12  sysctl.o(i.SysCtl_disableNMISource)
    SysCtl_enableNMISource                   0x00001635   Thumb Code    10  sysctl.o(i.SysCtl_enableNMISource)
    SysCtl_getNMISourceStatus                0x00001645   Thumb Code     6  sysctl.o(i.SysCtl_getNMISourceStatus)
    SysCtl_getTLVInfo                        0x00001651   Thumb Code    72  sysctl.o(i.SysCtl_getTLVInfo)
    SystemInit                               0x000016a1   Thumb Code    76  system_msp432p401r.o(i.SystemInit)
    TA2_0_IRQHandler                         0x00001701   Thumb Code   144  timer.o(i.TA2_0_IRQHandler)
    TA3_N_IRQHandler                         0x000017ad   Thumb Code   182  hc-sr0.o(i.TA3_N_IRQHandler)
    TimA0_Init                               0x00001875   Thumb Code   116  timer.o(i.TimA0_Init)
    TimA1_Init                               0x000018ed   Thumb Code    64  timer.o(i.TimA1_Init)
    TimA2_Init                               0x00001931   Thumb Code    62  timer.o(i.TimA2_Init)
    Timer_A_clearCaptureCompareInterrupt     0x00001975   Thumb Code    28  timer_a.o(i.Timer_A_clearCaptureCompareInterrupt)
    Timer_A_clearInterruptFlag               0x00001991   Thumb Code    12  timer_a.o(i.Timer_A_clearInterruptFlag)
    Timer_A_clearTimer                       0x0000199d   Thumb Code    12  timer_a.o(i.Timer_A_clearTimer)
    Timer_A_configureUpMode                  0x000019a9   Thumb Code    70  timer_a.o(i.Timer_A_configureUpMode)
    Timer_A_generatePWM                      0x000019ef   Thumb Code    80  timer_a.o(i.Timer_A_generatePWM)
    Timer_A_getCaptureCompareCount           0x00001a3f   Thumb Code    18  timer_a.o(i.Timer_A_getCaptureCompareCount)
    Timer_A_getCaptureCompareEnabledInterruptStatus 0x00001a51   Thumb Code    38  timer_a.o(i.Timer_A_getCaptureCompareEnabledInterruptStatus)
    Timer_A_getEnabledInterruptStatus        0x00001a77   Thumb Code    18  timer_a.o(i.Timer_A_getEnabledInterruptStatus)
    Timer_A_getSynchronizedCaptureCompareInput 0x00001a89   Thumb Code    24  timer_a.o(i.Timer_A_getSynchronizedCaptureCompareInput)
    Timer_A_setCompareValue                  0x00001aa1   Thumb Code    18  timer_a.o(i.Timer_A_setCompareValue)
    Timer_A_startCounter                     0x00001ab3   Thumb Code     8  timer_a.o(i.Timer_A_startCounter)
    UART_NVIC_Init                           0x00001abd   Thumb Code    62  usart.o(i.UART_NVIC_Init)
    UART_clearInterruptFlag                  0x00001b0d   Thumb Code    10  uart.o(i.UART_clearInterruptFlag)
    UART_enableInterrupt                     0x00001b17   Thumb Code    22  uart.o(i.UART_enableInterrupt)
    UART_enableModule                        0x00001b2d   Thumb Code    12  uart.o(i.UART_enableModule)
    UART_getEnabledInterruptStatus           0x00001b39   Thumb Code    34  uart.o(i.UART_getEnabledInterruptStatus)
    UART_initModule                          0x00001b5b   Thumb Code   136  uart.o(i.UART_initModule)
    UART_receiveData                         0x00001be3   Thumb Code    26  uart.o(i.UART_receiveData)
    UART_transmitData                        0x00001bfd   Thumb Code    24  uart.o(i.UART_transmitData)
    __0printf$8                              0x00001d21   Thumb Code    22  printf8.o(i.__0printf$8)
    __1printf$8                              0x00001d21   Thumb Code     0  printf8.o(i.__0printf$8)
    __2printf                                0x00001d21   Thumb Code     0  printf8.o(i.__0printf$8)
    __scatterload_copy                       0x00001f25   Thumb Code    14  handlers.o(i.__scatterload_copy)
    __scatterload_null                       0x00001f33   Thumb Code     2  handlers.o(i.__scatterload_null)
    __scatterload_zeroinit                   0x00001f35   Thumb Code    14  handlers.o(i.__scatterload_zeroinit)
    bitPosition                              0x0000239b   Thumb Code    16  baudrate_calculate.o(i.bitPosition)
    delay_init                               0x000023ad   Thumb Code    30  delay.o(i.delay_init)
    delay_ms                                 0x000023d5   Thumb Code    24  delay.o(i.delay_ms)
    delay_us                                 0x000023ed   Thumb Code    46  delay.o(i.delay_us)
    eusci_calcBaudDividers                   0x00002421   Thumb Code   290  baudrate_calculate.o(i.eusci_calcBaudDividers)
    fputc                                    0x00002555   Thumb Code    16  usart.o(i.fputc)
    gray_Init                                0x00002569   Thumb Code    46  sensor.o(i.gray_Init)
    location_pid_realize                     0x00002599   Thumb Code   120  pid.o(i.location_pid_realize)
    main                                     0x00002631   Thumb Code   300  main.o(i.main)
    set_pid_target                           0x00002833   Thumb Code     6  pid.o(i.set_pid_target)
    speed1_pid_control                       0x00002839   Thumb Code   190  pid.o(i.speed1_pid_control)
    speed2_pid_control                       0x0000290d   Thumb Code   190  pid.o(i.speed2_pid_control)
    speed_pid_realize                        0x000029e1   Thumb Code   136  pid.o(i.speed_pid_realize)
    twomotor_ctl                             0x00002a7d   Thumb Code    52  pid.o(i.twomotor_ctl)
    uart2_init                               0x00002ab5   Thumb Code    54  usart.o(i.uart2_init)
    uart_init                                0x00002af5   Thumb Code   106  usart.o(i.uart_init)
    uart_warning_led                         0x00002b71   Thumb Code    80  baudrate_calculate.o(i.uart_warning_led)
    Region$$Table$$Base                      0x00002cb4   Number         0  anon$$obj.o(Region$$Table)
    Region$$Table$$Limit                     0x00002cd4   Number         0  anon$$obj.o(Region$$Table)
    encoder_L                                0x20000000   Data           4  main.o(.data)
    encoder_R                                0x20000004   Data           4  main.o(.data)
    pwm_out                                  0x20000008   Data           4  timer.o(.data)
    board_count                              0x2000000c   Data           4  timer.o(.data)
    control_dir                              0x20000010   Data           4  control.o(.data)
    TIMA3_CAP_STA                            0x20000014   Data           1  hc-sr0.o(.data)
    TIMA3_CAP_VAL                            0x20000016   Data           2  hc-sr0.o(.data)
    distance_cm                              0x20000018   Data           4  hc-sr0.o(.data)
    cap_temp                                 0x2000001c   Data           4  hc-sr0.o(.data)
    receiveIndex                             0x20000020   Data           4  bluetooth.o(.data)
    isReceiving                              0x20000024   Data           4  bluetooth.o(.data)
    JY_flag                                  0x20000028   Data           1  jy901.o(.data)
    JY_Rx_Index                              0x20000029   Data           1  jy901.o(.data)
    jy_State                                 0x2000002a   Data           1  jy901.o(.data)
    JY901_x                                  0x20000030   Data           4  jy901.o(.data)
    JY901_y                                  0x20000034   Data           4  jy901.o(.data)
    JY901_z                                  0x20000038   Data           4  jy901.o(.data)
    state_flag                               0x20000040   Data           1  usart.o(.data)
    UART3_Rx_Index                           0x20000041   Data           1  usart.o(.data)
    frame_state                              0x20000042   Data           1  usart.o(.data)
    data1                                    0x20000043   Data           1  usart.o(.data)
    data2                                    0x20000044   Data           1  usart.o(.data)
    my_data                                  0x20000048   Data           4  usart.o(.data)
    output                                   0x2000004c   Data           4  usart.o(.data)
    SendBufferOpenMv                         0x20000050   Data           8  usart.o(.data)
    control_swich                            0x20000058   Data           1  pid.o(.data)
    cont_val1                                0x2000005c   Data           4  pid.o(.data)
    cont_val2                                0x20000060   Data           4  pid.o(.data)
    cnt_temp1                                0x20000064   Data           4  pid.o(.data)
    cnt_temp2                                0x20000068   Data           4  pid.o(.data)
    locxzz                                   0x2000006c   Data           4  pid.o(.data)
    locxzz1                                  0x20000070   Data           4  pid.o(.data)
    DISTANCE_L                               0x20000074   Data           4  pid.o(.data)
    DISTANCE_R                               0x20000078   Data           4  pid.o(.data)
    g_lMotor1PulseSigma                      0x2000007c   Data           4  pid.o(.data)
    g_lMotor2PulseSigma                      0x20000080   Data           4  pid.o(.data)
    g_nMotor1Pulse                           0x20000084   Data           4  pid.o(.data)
    g_nMotor2Pulse                           0x20000088   Data           4  pid.o(.data)
    speed1_Outval                            0x2000008c   Data           4  pid.o(.data)
    speed2_Outval                            0x20000090   Data           4  pid.o(.data)
    __stdout                                 0x200000cc   Data           4  stdout.o(.data)
    Txt_RxPacket                             0x200000d0   Data         100  bluetooth.o(.bss)
    JY901_RxBuffer                           0x20000134   Data         220  jy901.o(.bss)
    JY901_dealBuffer                         0x20000210   Data          22  jy901.o(.bss)
    JugleBuffer                              0x20000226   Data          15  usart.o(.bss)
    UART3_Rx_Buffer                          0x20000235   Data         256  usart.o(.bss)
    pid_speed1                               0x20000338   Data          32  pid.o(.bss)
    pid_speed2                               0x20000358   Data          32  pid.o(.bss)
    pid_angle                                0x20000378   Data          32  pid.o(.bss)
    pid_location1                            0x20000398   Data          32  pid.o(.bss)
    pid_location2                            0x200003b8   Data          32  pid.o(.bss)
    PID_SPEED1                               0x200003d8   Data          48  pid.o(.bss)
    PID_SPEED2                               0x20000408   Data          48  pid.o(.bss)
    __initial_sp                             0x20000638   Data           0  startup_msp432p401r_uvision.o(STACK)



==============================================================================

Memory Map of the image

  Image Entry point : 0x00000145

  Load Region LR_IROM1 (Base: 0x00000000, Size: 0x00002da4, Max: 0x00040000, ABSOLUTE)

    Execution Region ER_IROM1 (Exec base: 0x00000000, Load base: 0x00000000, Size: 0x00002cd4, Max: 0x00040000, ABSOLUTE)

    Exec Addr    Load Addr    Size         Type   Attr      Idx    E Section Name        Object

    0x00000000   0x00000000   0x00000144   Data   RO          281    RESET               startup_msp432p401r_uvision.o
    0x00000144   0x00000144   0x00000000   Code   RO         2442  * .ARM.Collect$$$$00000000  mc_w.l(entry.o)
    0x00000144   0x00000144   0x00000004   Code   RO         2779    .ARM.Collect$$$$00000001  mc_w.l(entry2.o)
    0x00000148   0x00000148   0x00000004   Code   RO         2782    .ARM.Collect$$$$00000004  mc_w.l(entry5.o)
    0x0000014c   0x0000014c   0x00000000   Code   RO         2784    .ARM.Collect$$$$00000008  mc_w.l(entry7b.o)
    0x0000014c   0x0000014c   0x00000000   Code   RO         2786    .ARM.Collect$$$$0000000A  mc_w.l(entry8b.o)
    0x0000014c   0x0000014c   0x00000008   Code   RO         2787    .ARM.Collect$$$$0000000B  mc_w.l(entry9a.o)
    0x00000154   0x00000154   0x00000004   Code   RO         2794    .ARM.Collect$$$$0000000E  mc_w.l(entry12b.o)
    0x00000158   0x00000158   0x00000000   Code   RO         2789    .ARM.Collect$$$$0000000F  mc_w.l(entry10a.o)
    0x00000158   0x00000158   0x00000000   Code   RO         2791    .ARM.Collect$$$$00000011  mc_w.l(entry11a.o)
    0x00000158   0x00000158   0x00000004   Code   RO         2780    .ARM.Collect$$$$00002712  mc_w.l(entry2.o)
    0x0000015c   0x0000015c   0x00000026   Code   RO         2297    .emb_text           msp432p4xx_driverlib.lib(cpu.o)
    0x00000182   0x00000182   0x00000002   PAD
    0x00000184   0x00000184   0x00000024   Code   RO          282    .text               startup_msp432p401r_uvision.o
    0x000001a8   0x000001a8   0x00000024   Code   RO         2447    .text               mc_w.l(memcpya.o)
    0x000001cc   0x000001cc   0x00000062   Code   RO         2798    .text               mc_w.l(uldiv.o)
    0x0000022e   0x0000022e   0x0000001e   Code   RO         2800    .text               mc_w.l(llshl.o)
    0x0000024c   0x0000024c   0x00000024   Code   RO         2824    .text               mc_w.l(init.o)
    0x00000270   0x00000270   0x00000020   Code   RO         2826    .text               mc_w.l(llushr.o)
    0x00000290   0x00000290   0x00000016   Code   RO         1312    i.BEEP_Init         beep.o
    0x000002a6   0x000002a6   0x00000002   PAD
    0x000002a8   0x000002a8   0x0000006c   Code   RO         1583    i.CLOCK_Init        clock.o
    0x00000314   0x00000314   0x00000018   Code   RO         1882    i.CS_getACLK        msp432p4xx_driverlib.lib(cs.o)
    0x0000032c   0x0000032c   0x00000170   Code   RO         1884    i.CS_getDCOFrequency  msp432p4xx_driverlib.lib(cs.o)
    0x0000049c   0x0000049c   0x00000018   Code   RO         1888    i.CS_getMCLK        msp432p4xx_driverlib.lib(cs.o)
    0x000004b4   0x000004b4   0x00000018   Code   RO         1889    i.CS_getSMCLK       msp432p4xx_driverlib.lib(cs.o)
    0x000004cc   0x000004cc   0x000000fc   Code   RO         1890    i.CS_initClockSignal  msp432p4xx_driverlib.lib(cs.o)
    0x000005c8   0x000005c8   0x0000000c   Code   RO         1896    i.CS_setExternalClockSourceFrequency  msp432p4xx_driverlib.lib(cs.o)
    0x000005d4   0x000005d4   0x00000006   Code   RO         1899    i.CS_startHFXT      msp432p4xx_driverlib.lib(cs.o)
    0x000005da   0x000005da   0x00000002   PAD
    0x000005dc   0x000005dc   0x00000144   Code   RO         1900    i.CS_startHFXTWithTimeout  msp432p4xx_driverlib.lib(cs.o)
    0x00000720   0x00000720   0x00000006   Code   RO         1901    i.CS_startLFXT      msp432p4xx_driverlib.lib(cs.o)
    0x00000726   0x00000726   0x00000002   PAD
    0x00000728   0x00000728   0x000000b4   Code   RO         1902    i.CS_startLFXTWithTimeout  msp432p4xx_driverlib.lib(cs.o)
    0x000007dc   0x000007dc   0x00000054   Code   RO         1498    i.EUSCIA0_IRQHandler  jy901.o
    0x00000830   0x00000830   0x00000040   Code   RO         1440    i.EUSCIA2_IRQHandler  bluetooth.o
    0x00000870   0x00000870   0x00000060   Code   RO         1643    i.EUSCIA3_IRQHandler  usart.o
    0x000008d0   0x000008d0   0x00000120   Code   RO          376    i.EXTI_Init         exti.o
    0x000009f0   0x000009f0   0x0000002c   Code   RO         1970    i.FlashCtl_setWaitState  msp432p4xx_driverlib.lib(flash.o)
    0x00000a1c   0x00000a1c   0x00000064   Code   RO         1644    i.FrameJudge        usart.o
    0x00000a80   0x00000a80   0x00000044   Code   RO         1753    i.GET_ENCODER_NUM   pid.o
    0x00000ac4   0x00000ac4   0x00000014   Code   RO         2025    i.GPIO_clearInterruptFlag  msp432p4xx_driverlib.lib(gpio.o)
    0x00000ad8   0x00000ad8   0x00000014   Code   RO         2027    i.GPIO_enableInterrupt  msp432p4xx_driverlib.lib(gpio.o)
    0x00000aec   0x00000aec   0x00000034   Code   RO         2028    i.GPIO_getEnabledInterruptStatus  msp432p4xx_driverlib.lib(gpio.o)
    0x00000b20   0x00000b20   0x00000014   Code   RO         2029    i.GPIO_getInputPinValue  msp432p4xx_driverlib.lib(gpio.o)
    0x00000b34   0x00000b34   0x0000001c   Code   RO         2031    i.GPIO_interruptEdgeSelect  msp432p4xx_driverlib.lib(gpio.o)
    0x00000b50   0x00000b50   0x00000028   Code   RO         2033    i.GPIO_setAsInputPin  msp432p4xx_driverlib.lib(gpio.o)
    0x00000b78   0x00000b78   0x0000002c   Code   RO         2035    i.GPIO_setAsInputPinWithPullUpResistor  msp432p4xx_driverlib.lib(gpio.o)
    0x00000ba4   0x00000ba4   0x00000020   Code   RO         2036    i.GPIO_setAsOutputPin  msp432p4xx_driverlib.lib(gpio.o)
    0x00000bc4   0x00000bc4   0x00000048   Code   RO         2038    i.GPIO_setAsPeripheralModuleFunctionOutputPin  msp432p4xx_driverlib.lib(gpio.o)
    0x00000c0c   0x00000c0c   0x00000014   Code   RO         2041    i.GPIO_setOutputHighOnPin  msp432p4xx_driverlib.lib(gpio.o)
    0x00000c20   0x00000c20   0x00000014   Code   RO         2042    i.GPIO_setOutputLowOnPin  msp432p4xx_driverlib.lib(gpio.o)
    0x00000c34   0x00000c34   0x00000010   Code   RO         1645    i.GetBufferdata     usart.o
    0x00000c44   0x00000c44   0x00000014   Code   RO         1133    i.I2C_SW_Configuration  oled.o
    0x00000c58   0x00000c58   0x00000018   Code   RO         1134    i.I2C_Start         oled.o
    0x00000c70   0x00000c70   0x00000018   Code   RO         1135    i.I2C_Stop          oled.o
    0x00000c88   0x00000c88   0x00000018   Code   RO         1136    i.I2C_WaitAck       oled.o
    0x00000ca0   0x00000ca0   0x00000064   Code   RO         2077    i.Interrupt_enableInterrupt  msp432p4xx_driverlib.lib(interrupt.o)
    0x00000d04   0x00000d04   0x0000000e   Code   RO         2078    i.Interrupt_enableMaster  msp432p4xx_driverlib.lib(interrupt.o)
    0x00000d12   0x00000d12   0x00000002   PAD
    0x00000d14   0x00000d14   0x00000028   Code   RO         2087    i.Interrupt_setPriority  msp432p4xx_driverlib.lib(interrupt.o)
    0x00000d3c   0x00000d3c   0x00000078   Code   RO         1499    i.JY901_value       jy901.o
    0x00000db4   0x00000db4   0x000000a4   Code   RO         1500    i.JYJudge           jy901.o
    0x00000e58   0x00000e58   0x00000008   Code   RO          426    i.KEY_Init          key.o
    0x00000e60   0x00000e60   0x00000046   Code   RO          289    i.LED_Init          led.o
    0x00000ea6   0x00000ea6   0x00000002   PAD
    0x00000ea8   0x00000ea8   0x000000ac   Code   RO         1266    i.MotorControl      control.o
    0x00000f54   0x00000f54   0x000000d4   Code   RO         1267    i.MotorDir          control.o
    0x00001028   0x00001028   0x0000003c   Code   RO         1137    i.OLED_Clear        oled.o
    0x00001064   0x00001064   0x000000ee   Code   RO         1143    i.OLED_Init         oled.o
    0x00001152   0x00001152   0x00000036   Code   RO         1149    i.OLED_WR_Byte      oled.o
    0x00001188   0x00001188   0x0000004c   Code   RO         2126    i.PCM_getCoreVoltageLevel  msp432p4xx_driverlib.lib(pcm.o)
    0x000011d4   0x000011d4   0x00000044   Code   RO         2129    i.PCM_getPowerMode  msp432p4xx_driverlib.lib(pcm.o)
    0x00001218   0x00001218   0x00000008   Code   RO         2138    i.PCM_setCoreVoltageLevel  msp432p4xx_driverlib.lib(pcm.o)
    0x00001220   0x00001220   0x0000009e   Code   RO         1754    i.PID_Postion       pid.o
    0x000012be   0x000012be   0x00000002   PAD
    0x000012c0   0x000012c0   0x00000168   Code   RO         1755    i.PID_param_init    pid.o
    0x00001428   0x00001428   0x00000040   Code   RO          377    i.PORT1_IRQHandler  exti.o
    0x00001468   0x00001468   0x00000040   Code   RO          378    i.PORT3_IRQHandler  exti.o
    0x000014a8   0x000014a8   0x00000110   Code   RO          379    i.PORT6_IRQHandler  exti.o
    0x000015b8   0x000015b8   0x00000006   Code   RO         1756    i.SET_pid_target    pid.o
    0x000015be   0x000015be   0x00000002   PAD
    0x000015c0   0x000015c0   0x00000038   Code   RO         1150    i.Send_Byte         oled.o
    0x000015f8   0x000015f8   0x0000000e   Code   RO         1268    i.ServoAngle        control.o
    0x00001606   0x00001606   0x00000002   PAD
    0x00001608   0x00001608   0x0000001c   Code   RO         1757    i.Speed_control     pid.o
    0x00001624   0x00001624   0x00000010   Code   RO         2354    i.SysCtl_disableNMISource  msp432p4xx_driverlib.lib(sysctl.o)
    0x00001634   0x00001634   0x00000010   Code   RO         2359    i.SysCtl_enableNMISource  msp432p4xx_driverlib.lib(sysctl.o)
    0x00001644   0x00001644   0x0000000c   Code   RO         2364    i.SysCtl_getNMISourceStatus  msp432p4xx_driverlib.lib(sysctl.o)
    0x00001650   0x00001650   0x00000050   Code   RO         2366    i.SysCtl_getTLVInfo  msp432p4xx_driverlib.lib(sysctl.o)
    0x000016a0   0x000016a0   0x00000060   Code   RO          243    i.SystemInit        system_msp432p401r.o
    0x00001700   0x00001700   0x000000ac   Code   RO          313    i.TA2_0_IRQHandler  timer.o
    0x000017ac   0x000017ac   0x000000c8   Code   RO         1388    i.TA3_N_IRQHandler  hc-sr0.o
    0x00001874   0x00001874   0x00000078   Code   RO          314    i.TimA0_Init        timer.o
    0x000018ec   0x000018ec   0x00000044   Code   RO          315    i.TimA1_Init        timer.o
    0x00001930   0x00001930   0x00000044   Code   RO          316    i.TimA2_Init        timer.o
    0x00001974   0x00001974   0x0000001c   Code   RO         2189    i.Timer_A_clearCaptureCompareInterrupt  msp432p4xx_driverlib.lib(timer_a.o)
    0x00001990   0x00001990   0x0000000c   Code   RO         2190    i.Timer_A_clearInterruptFlag  msp432p4xx_driverlib.lib(timer_a.o)
    0x0000199c   0x0000199c   0x0000000c   Code   RO         2191    i.Timer_A_clearTimer  msp432p4xx_driverlib.lib(timer_a.o)
    0x000019a8   0x000019a8   0x00000046   Code   RO         2194    i.Timer_A_configureUpMode  msp432p4xx_driverlib.lib(timer_a.o)
    0x000019ee   0x000019ee   0x00000050   Code   RO         2199    i.Timer_A_generatePWM  msp432p4xx_driverlib.lib(timer_a.o)
    0x00001a3e   0x00001a3e   0x00000012   Code   RO         2200    i.Timer_A_getCaptureCompareCount  msp432p4xx_driverlib.lib(timer_a.o)
    0x00001a50   0x00001a50   0x00000026   Code   RO         2201    i.Timer_A_getCaptureCompareEnabledInterruptStatus  msp432p4xx_driverlib.lib(timer_a.o)
    0x00001a76   0x00001a76   0x00000012   Code   RO         2204    i.Timer_A_getEnabledInterruptStatus  msp432p4xx_driverlib.lib(timer_a.o)
    0x00001a88   0x00001a88   0x00000018   Code   RO         2207    i.Timer_A_getSynchronizedCaptureCompareInput  msp432p4xx_driverlib.lib(timer_a.o)
    0x00001aa0   0x00001aa0   0x00000012   Code   RO         2211    i.Timer_A_setCompareValue  msp432p4xx_driverlib.lib(timer_a.o)
    0x00001ab2   0x00001ab2   0x00000008   Code   RO         2213    i.Timer_A_startCounter  msp432p4xx_driverlib.lib(timer_a.o)
    0x00001aba   0x00001aba   0x00000002   PAD
    0x00001abc   0x00001abc   0x00000050   Code   RO         1647    i.UART_NVIC_Init    usart.o
    0x00001b0c   0x00001b0c   0x0000000a   Code   RO         2251    i.UART_clearInterruptFlag  msp432p4xx_driverlib.lib(uart.o)
    0x00001b16   0x00001b16   0x00000016   Code   RO         2254    i.UART_enableInterrupt  msp432p4xx_driverlib.lib(uart.o)
    0x00001b2c   0x00001b2c   0x0000000c   Code   RO         2255    i.UART_enableModule  msp432p4xx_driverlib.lib(uart.o)
    0x00001b38   0x00001b38   0x00000022   Code   RO         2256    i.UART_getEnabledInterruptStatus  msp432p4xx_driverlib.lib(uart.o)
    0x00001b5a   0x00001b5a   0x00000088   Code   RO         2260    i.UART_initModule   msp432p4xx_driverlib.lib(uart.o)
    0x00001be2   0x00001be2   0x0000001a   Code   RO         2262    i.UART_receiveData  msp432p4xx_driverlib.lib(uart.o)
    0x00001bfc   0x00001bfc   0x00000018   Code   RO         2269    i.UART_transmitData  msp432p4xx_driverlib.lib(uart.o)
    0x00001c14   0x00001c14   0x0000010c   Code   RO         1905    i._CSComputeCLKFrequency  msp432p4xx_driverlib.lib(cs.o)
    0x00001d20   0x00001d20   0x00000020   Code   RO         2662    i.__0printf$8       mc_w.l(printf8.o)
    0x00001d40   0x00001d40   0x00000100   Code   RO         2149    i.__PCM_setCoreVoltageLevelAdvanced  msp432p4xx_driverlib.lib(pcm.o)
    0x00001e40   0x00001e40   0x000000e4   Code   RO         2150    i.__PCM_setPowerModeAdvanced  msp432p4xx_driverlib.lib(pcm.o)
    0x00001f24   0x00001f24   0x0000000e   Code   RO         2832    i.__scatterload_copy  mc_w.l(handlers.o)
    0x00001f32   0x00001f32   0x00000002   Code   RO         2833    i.__scatterload_null  mc_w.l(handlers.o)
    0x00001f34   0x00001f34   0x0000000e   Code   RO         2834    i.__scatterload_zeroinit  mc_w.l(handlers.o)
    0x00001f42   0x00001f42   0x00000002   PAD
    0x00001f44   0x00001f44   0x00000404   Code   RO         2669    i._printf_core      mc_w.l(printf8.o)
    0x00002348   0x00002348   0x00000024   Code   RO         2670    i._printf_post_padding  mc_w.l(printf8.o)
    0x0000236c   0x0000236c   0x0000002e   Code   RO         2671    i._printf_pre_padding  mc_w.l(printf8.o)
    0x0000239a   0x0000239a   0x00000010   Code   RO         1607    i.bitPosition       baudrate_calculate.o
    0x000023aa   0x000023aa   0x00000002   PAD
    0x000023ac   0x000023ac   0x00000028   Code   RO         1542    i.delay_init        delay.o
    0x000023d4   0x000023d4   0x00000018   Code   RO         1543    i.delay_ms          delay.o
    0x000023ec   0x000023ec   0x00000034   Code   RO         1544    i.delay_us          delay.o
    0x00002420   0x00002420   0x00000134   Code   RO         1608    i.eusci_calcBaudDividers  baudrate_calculate.o
    0x00002554   0x00002554   0x00000014   Code   RO         1654    i.fputc             usart.o
    0x00002568   0x00002568   0x0000002e   Code   RO         1342    i.gray_Init         sensor.o
    0x00002596   0x00002596   0x00000002   PAD
    0x00002598   0x00002598   0x00000098   Code   RO         1760    i.location_pid_realize  pid.o
    0x00002630   0x00002630   0x00000144   Code   RO            4    i.main              main.o
    0x00002774   0x00002774   0x000000be   Code   RO         2216    i.privateTimer_AProcessClockSourceDivider  msp432p4xx_driverlib.lib(timer_a.o)
    0x00002832   0x00002832   0x00000006   Code   RO         1762    i.set_pid_target    pid.o
    0x00002838   0x00002838   0x000000d4   Code   RO         1763    i.speed1_pid_control  pid.o
    0x0000290c   0x0000290c   0x000000d4   Code   RO         1764    i.speed2_pid_control  pid.o
    0x000029e0   0x000029e0   0x0000009c   Code   RO         1765    i.speed_pid_realize  pid.o
    0x00002a7c   0x00002a7c   0x00000038   Code   RO         1766    i.twomotor_ctl      pid.o
    0x00002ab4   0x00002ab4   0x00000040   Code   RO         1655    i.uart2_init        usart.o
    0x00002af4   0x00002af4   0x0000007c   Code   RO         1656    i.uart_init         usart.o
    0x00002b70   0x00002b70   0x00000054   Code   RO         1609    i.uart_warning_led  baudrate_calculate.o
    0x00002bc4   0x00002bc4   0x00000018   Data   RO          317    .constdata          timer.o
    0x00002bdc   0x00002bdc   0x00000048   Data   RO         1659    .constdata          usart.o
    0x00002c24   0x00002c24   0x00000090   Data   RO         2093    .constdata          msp432p4xx_driverlib.lib(interrupt.o)
    0x00002cb4   0x00002cb4   0x00000020   Data   RO         2830    Region$$Table       anon$$obj.o


    Execution Region RW_IRAM1 (Exec base: 0x20000000, Load base: 0x00002cd4, Size: 0x00000638, Max: 0x00010000, ABSOLUTE)

    Exec Addr    Load Addr    Size         Type   Attr      Idx    E Section Name        Object

    0x20000000   0x00002cd4   0x00000004   Data   RW            8    .data               main.o
    0x20000004   0x00002cd8   0x00000004   Data   RW            9    .data               main.o
    0x20000008   0x00002cdc   0x00000008   Data   RW          319    .data               timer.o
    0x20000010   0x00002ce4   0x00000004   Data   RW         1270    .data               control.o
    0x20000014   0x00002ce8   0x0000000c   Data   RW         1391    .data               hc-sr0.o
    0x20000020   0x00002cf4   0x00000008   Data   RW         1443    .data               bluetooth.o
    0x20000028   0x00002cfc   0x00000014   Data   RW         1503    .data               jy901.o
    0x2000003c   0x00002d10   0x00000001   Data   RW         1545    .data               delay.o
    0x2000003d   0x00002d11   0x00000003   PAD
    0x20000040   0x00002d14   0x00000018   Data   RW         1660    .data               usart.o
    0x20000058   0x00002d2c   0x0000003c   Data   RW         1770    .data               pid.o
    0x20000094   0x00002d68   0x00000008   Data   RW         1906    .data               msp432p4xx_driverlib.lib(cs.o)
    0x2000009c   0x00002d70   0x00000030   Data   RW         2046    .data               msp432p4xx_driverlib.lib(gpio.o)
    0x200000cc   0x00002da0   0x00000004   Data   RW         2795    .data               mc_w.l(stdout.o)
    0x200000d0        -       0x00000064   Zero   RW         1441    .bss                bluetooth.o
    0x20000134        -       0x000000dc   Zero   RW         1501    .bss                jy901.o
    0x20000210        -       0x00000016   Zero   RW         1502    .bss                jy901.o
    0x20000226        -       0x0000000f   Zero   RW         1657    .bss                usart.o
    0x20000235        -       0x00000100   Zero   RW         1658    .bss                usart.o
    0x20000335   0x00002da4   0x00000003   PAD
    0x20000338        -       0x00000100   Zero   RW         1767    .bss                pid.o
    0x20000438        -       0x00000200   Zero   RW          279    STACK               startup_msp432p401r_uvision.o


==============================================================================

Image component sizes


      Code (inc. data)   RO Data    RW Data    ZI Data      Debug   Object Name

       408         22          0          0          0       3034   baudrate_calculate.o
        22          0          0          0          0        512   beep.o
        64         12          0          8        100       1510   bluetooth.o
       108         10          0          0          0        553   clock.o
       398         42          0          4          0       2383   control.o
       116         16          0          1          0       1831   delay.o
       688         18          0          0          0       2629   exti.o
       200         18          0         12          0       1060   hc-sr0.o
       368         42          0         20        242       3324   jy901.o
         8          0          0          0          0        463   key.o
        70          0          0          0          0        535   led.o
       324         24          0          8          0     231205   main.o
       500         26          0          0          0       4920   oled.o
      1414        160          0         60        256       9990   pid.o
        46          0          0          0          0        532   sensor.o
        36          8        324          0        512        840   startup_msp432p401r_uvision.o
        96         20          0          0          0        521   system_msp432p401r.o
       428         42         24          8          0       4435   timer.o
       500         72         72         24        271       5633   usart.o

    ----------------------------------------------------------------------
      5808        532        452        148       1384     275910   Object Totals
         0          0         32          0          0          0   (incl. Generated)
        14          0          0          3          3          0   (incl. Padding)

    ----------------------------------------------------------------------

      Code (inc. data)   RO Data    RW Data    ZI Data      Debug   Library Member Name

         0          0          0          0          0          0   entry.o
         0          0          0          0          0          0   entry10a.o
         0          0          0          0          0          0   entry11a.o
         4          0          0          0          0          0   entry12b.o
         8          4          0          0          0          0   entry2.o
         4          0          0          0          0          0   entry5.o
         0          0          0          0          0          0   entry7b.o
         0          0          0          0          0          0   entry8b.o
         8          4          0          0          0          0   entry9a.o
        30          0          0          0          0          0   handlers.o
        36          8          0          0          0         68   init.o
        30          0          0          0          0         68   llshl.o
        32          0          0          0          0         68   llushr.o
        36          0          0          0          0         68   memcpya.o
      1142         54          0          0          0        352   printf8.o
         0          0          0          4          0          0   stdout.o
        98          0          0          0          0         92   uldiv.o
        38          0          0          0          0        196   cpu.o
      1488        214          0          8          0       1388   cs.o
        44          6          0          0          0        116   flash.o
       368         68          0         48          0       1276   gpio.o
       154         12        144          0          0        356   interrupt.o
       636        114          0          0          0        636   pcm.o
       124         24          0          0          0        476   sysctl.o
       516         28          0          0          0       1416   timer_a.o
       264          0          0          0          0        828   uart.o

    ----------------------------------------------------------------------
      5072        536        144         60          0       7404   Library Totals
        12          0          0          0          0          0   (incl. Padding)

    ----------------------------------------------------------------------

      Code (inc. data)   RO Data    RW Data    ZI Data      Debug   Library Name

      1428         70          0          4          0        716   mc_w.l
      3632        466        144         56          0       6688   msp432p4xx_driverlib.lib

    ----------------------------------------------------------------------
      5072        536        144         60          0       7404   Library Totals

    ----------------------------------------------------------------------

==============================================================================


      Code (inc. data)   RO Data    RW Data    ZI Data      Debug   

     10880       1068        596        208       1384     273506   Grand Totals
     10880       1068        596        208       1384     273506   ELF Image Totals
     10880       1068        596        208          0          0   ROM Totals

==============================================================================

    Total RO  Size (Code + RO Data)                11476 (  11.21kB)
    Total RW  Size (RW Data + ZI Data)              1592 (   1.55kB)
    Total ROM Size (Code + RO Data + RW Data)      11684 (  11.41kB)

==============================================================================

